stm32f2xx_hal_rtc_ex.c:151:19:HAL_RTCEx_SetTimeStamp	8	static
stm32f2xx_hal_rtc_ex.c:210:19:HAL_RTCEx_SetTimeStamp_IT	8	static
stm32f2xx_hal_rtc_ex.c:267:19:HAL_RTCEx_DeactivateTimeStamp	0	static
stm32f2xx_hal_rtc_ex.c:311:19:HAL_RTCEx_GetTimeStamp	24	static
stm32f2xx_hal_rtc_ex.c:362:19:HAL_RTCEx_SetTamper	4	static
stm32f2xx_hal_rtc_ex.c:398:19:HAL_RTCEx_SetTamper_IT	4	static
stm32f2xx_hal_rtc_ex.c:445:19:HAL_RTCEx_DeactivateTamper	4	static
stm32f2xx_hal_rtc_ex.c:513:13:HAL_RTCEx_TimeStampEventCallback	0	static
stm32f2xx_hal_rtc_ex.c:528:13:HAL_RTCEx_Tamper1EventCallback	0	static
stm32f2xx_hal_rtc_ex.c:471:6:HAL_RTCEx_TamperTimeStampIRQHandler	8	static
stm32f2xx_hal_rtc_ex.c:544:19:HAL_RTCEx_PollForTimeStampEvent	16	static
stm32f2xx_hal_rtc_ex.c:587:19:HAL_RTCEx_PollForTamper1Event	16	static
stm32f2xx_hal_rtc_ex.c:642:19:HAL_RTCEx_SetWakeUpTimer	24	static
stm32f2xx_hal_rtc_ex.c:734:19:HAL_RTCEx_SetWakeUpTimer_IT	16	static
stm32f2xx_hal_rtc_ex.c:834:10:HAL_RTCEx_DeactivateWakeUpTimer	16	static
stm32f2xx_hal_rtc_ex.c:889:10:HAL_RTCEx_GetWakeUpTimer	0	static
stm32f2xx_hal_rtc_ex.c:929:13:HAL_RTCEx_WakeUpTimerEventCallback	0	static
stm32f2xx_hal_rtc_ex.c:901:6:HAL_RTCEx_WakeUpTimerIRQHandler	8	static
stm32f2xx_hal_rtc_ex.c:945:19:HAL_RTCEx_PollForWakeUpTimerEvent	16	static
stm32f2xx_hal_rtc_ex.c:1011:6:HAL_RTCEx_BKUPWrite	0	static
stm32f2xx_hal_rtc_ex.c:1034:10:HAL_RTCEx_BKUPRead	0	static
stm32f2xx_hal_rtc_ex.c:1065:19:HAL_RTCEx_SetCoarseCalib	16	static
stm32f2xx_hal_rtc_ex.c:1123:19:HAL_RTCEx_DeactivateCoarseCalib	8	static
stm32f2xx_hal_rtc_ex.c:1173:19:HAL_RTCEx_SetCalibrationOutPut	0	static
stm32f2xx_hal_rtc_ex.c:1203:19:HAL_RTCEx_DeactivateCalibrationOutPut	0	static
stm32f2xx_hal_rtc_ex.c:1233:19:HAL_RTCEx_SetRefClock	8	static
stm32f2xx_hal_rtc_ex.c:1283:19:HAL_RTCEx_DeactivateRefClock	8	static
stm32f2xx_hal_rtc_ex.c:1352:13:HAL_RTCEx_AlarmBEventCallback	0	static
stm32f2xx_hal_rtc_ex.c:1368:19:HAL_RTCEx_PollForAlarmBEvent	16	static
