stm32f2xx_hal_rtc.c:377:13:HAL_RTC_MspInit	0	static
stm32f2xx_hal_rtc.c:392:13:HAL_RTC_MspDeInit	0	static
stm32f2xx_hal_rtc.c:1109:19:HAL_RTC_DeactivateAlarm	16	static
stm32f2xx_hal_rtc.c:1295:13:HAL_RTC_AlarmAEventCallback	0	static
stm32f2xx_hal_rtc.c:1254:6:HAL_RTC_AlarmIRQHandler	8	static
stm32f2xx_hal_rtc.c:1311:19:HAL_RTC_PollForAlarmAEvent	16	static
stm32f2xx_hal_rtc.c:1373:19:HAL_RTC_WaitForSynchro	16	static
stm32f2xx_hal_rtc.c:1419:21:HAL_RTC_GetState	0	static
stm32f2xx_hal_rtc.c:1436:19:RTC_EnterInitMode	16	static
stm32f2xx_hal_rtc.c:201:19:HAL_RTC_Init	8	static
stm32f2xx_hal_rtc.c:285:19:HAL_RTC_DeInit	16	static
stm32f2xx_hal_rtc.c:1468:9:RTC_ByteToBcd2	0	static
stm32f2xx_hal_rtc.c:593:19:HAL_RTC_SetDate	24	static
stm32f2xx_hal_rtc.c:430:19:HAL_RTC_SetTime	24	static
stm32f2xx_hal_rtc.c:754:19:HAL_RTC_SetAlarm	32	static
stm32f2xx_hal_rtc.c:931:19:HAL_RTC_SetAlarm_IT	32	static
stm32f2xx_hal_rtc.c:1486:9:RTC_Bcd2ToByte	0	static
stm32f2xx_hal_rtc.c:554:19:HAL_RTC_GetTime	16	static
stm32f2xx_hal_rtc.c:699:19:HAL_RTC_GetDate	16	static
stm32f2xx_hal_rtc.c:1206:19:HAL_RTC_GetAlarm	24	static
