stm32f2xx_ll_usb.c:99:19:USB_CoreInit	8	static
stm32f2xx_ll_usb.c:145:19:USB_EnableGlobalInt	0	static
stm32f2xx_ll_usb.c:158:19:USB_DisableGlobalInt	0	static
stm32f2xx_ll_usb.c:174:19:USB_SetCurrentMode	8	static
stm32f2xx_ll_usb.c:199:19:USB_DevInit	40	static
stm32f2xx_ll_usb.c:327:19:USB_FlushTxFifo	0	static
stm32f2xx_ll_usb.c:351:19:USB_FlushRxFifo	0	static
stm32f2xx_ll_usb.c:381:19:USB_SetDevSpeed	0	static
stm32f2xx_ll_usb.c:396:9:USB_GetDevSpeed	0	static
stm32f2xx_ll_usb.c:423:19:USB_ActivateEndpoint	8	static
stm32f2xx_ll_usb.c:454:19:USB_ActivateDedicatedEndpoint	16	static
stm32f2xx_ll_usb.c:497:19:USB_DeactivateEndpoint	8	static
stm32f2xx_ll_usb.c:521:19:USB_DeactivateDedicatedEndpoint	4	static
stm32f2xx_ll_usb.c:548:19:USB_EPStartXfer	32	static
stm32f2xx_ll_usb.c:670:19:USB_EP0StartXfer	8	static
stm32f2xx_ll_usb.c:760:19:USB_WritePacket	4	static
stm32f2xx_ll_usb.c:788:7:USB_ReadPacket	12	static
stm32f2xx_ll_usb.c:807:19:USB_EPSetStall	0	static
stm32f2xx_ll_usb.c:835:19:USB_EPClearStall	0	static
stm32f2xx_ll_usb.c:861:19:USB_StopDevice	16	static
stm32f2xx_ll_usb.c:892:20:USB_SetDevAddress	0	static
stm32f2xx_ll_usb.c:905:20:USB_DevConnect	8	static
stm32f2xx_ll_usb.c:918:20:USB_DevDisconnect	8	static
stm32f2xx_ll_usb.c:931:11:USB_ReadInterrupts	0	static
stm32f2xx_ll_usb.c:945:10:USB_ReadDevAllOutEpInterrupt	0	static
stm32f2xx_ll_usb.c:958:10:USB_ReadDevAllInEpInterrupt	0	static
stm32f2xx_ll_usb.c:973:10:USB_ReadDevOutEPInterrupt	0	static
stm32f2xx_ll_usb.c:988:10:USB_ReadDevInEPInterrupt	4	static
stm32f2xx_ll_usb.c:1005:7:USB_ClearInterrupts	0	static
stm32f2xx_ll_usb.c:1018:10:USB_GetMode	0	static
stm32f2xx_ll_usb.c:1029:20:USB_ActivateSetup	0	static
stm32f2xx_ll_usb.c:1054:19:USB_EP0_OutStart	4	static
stm32f2xx_ll_usb.c:1077:26:USB_CoreReset	0	static
stm32f2xx_ll_usb.c:1116:19:USB_HostInit	16	static
stm32f2xx_ll_usb.c:1200:19:USB_InitFSLSPClkSel	4	static
stm32f2xx_ll_usb.c:1223:19:USB_ResetPort	16	static
stm32f2xx_ll_usb.c:1246:19:USB_DriveVbus	8	static
stm32f2xx_ll_usb.c:1274:10:USB_GetHostSpeed	8	static
stm32f2xx_ll_usb.c:1287:10:USB_GetCurrentFrame	0	static
stm32f2xx_ll_usb.c:1316:19:USB_HC_Init	20	static
stm32f2xx_ll_usb.c:1421:19:USB_HC_StartXfer	48	static
stm32f2xx_ll_usb.c:1532:10:USB_HC_ReadInterrupt	16	static
stm32f2xx_ll_usb.c:1544:19:USB_HC_Halt	24	static
stm32f2xx_ll_usb.c:1607:19:USB_DoPing	24	static
stm32f2xx_ll_usb.c:1629:19:USB_StopHost	32	static
