stm32f2xx_hal_tim.c:4804:13:TIM_OC1_SetConfig	12	static
stm32f2xx_hal_tim.c:4869:13:TIM_OC3_SetConfig	12	static
stm32f2xx_hal_tim.c:4937:13:TIM_OC4_SetConfig	8	static
stm32f2xx_hal_tim.c:4995:13:TIM_SlaveTimer_SetConfig	8	static
stm32f2xx_hal_tim.c:274:13:HAL_TIM_Base_MspInit	0	static
stm32f2xx_hal_tim.c:289:13:HAL_TIM_Base_MspDeInit	0	static
stm32f2xx_hal_tim.c:246:19:HAL_TIM_Base_DeInit	8	static
stm32f2xx_hal_tim.c:304:19:HAL_TIM_Base_Start	0	static
stm32f2xx_hal_tim.c:328:19:HAL_TIM_Base_Stop	0	static
stm32f2xx_hal_tim.c:352:19:HAL_TIM_Base_Start_IT	0	static
stm32f2xx_hal_tim.c:373:19:HAL_TIM_Base_Stop_IT	0	static
stm32f2xx_hal_tim.c:395:19:HAL_TIM_Base_Start_DMA	16	static
stm32f2xx_hal_tim.c:440:19:HAL_TIM_Base_Stop_DMA	0	static
stm32f2xx_hal_tim.c:557:13:HAL_TIM_OC_MspInit	0	static
stm32f2xx_hal_tim.c:572:13:HAL_TIM_OC_MspDeInit	0	static
stm32f2xx_hal_tim.c:529:19:HAL_TIM_OC_DeInit	8	static
stm32f2xx_hal_tim.c:1070:13:HAL_TIM_PWM_MspInit	0	static
stm32f2xx_hal_tim.c:1085:13:HAL_TIM_PWM_MspDeInit	0	static
stm32f2xx_hal_tim.c:1042:19:HAL_TIM_PWM_DeInit	8	static
stm32f2xx_hal_tim.c:1586:13:HAL_TIM_IC_MspInit	0	static
stm32f2xx_hal_tim.c:1601:13:HAL_TIM_IC_MspDeInit	0	static
stm32f2xx_hal_tim.c:1558:19:HAL_TIM_IC_DeInit	8	static
stm32f2xx_hal_tim.c:2076:13:HAL_TIM_OnePulse_MspInit	0	static
stm32f2xx_hal_tim.c:2091:13:HAL_TIM_OnePulse_MspDeInit	0	static
stm32f2xx_hal_tim.c:2048:19:HAL_TIM_OnePulse_DeInit	8	static
stm32f2xx_hal_tim.c:2410:13:HAL_TIM_Encoder_MspInit	0	static
stm32f2xx_hal_tim.c:2425:13:HAL_TIM_Encoder_MspDeInit	0	static
stm32f2xx_hal_tim.c:2382:19:HAL_TIM_Encoder_DeInit	8	static
stm32f2xx_hal_tim.c:3385:19:HAL_TIM_DMABurst_WriteStart	24	static
stm32f2xx_hal_tim.c:3517:19:HAL_TIM_DMABurst_WriteStop	16	static
stm32f2xx_hal_tim.c:3610:19:HAL_TIM_DMABurst_ReadStart	24	static
stm32f2xx_hal_tim.c:3743:19:HAL_TIM_DMABurst_ReadStop	16	static
stm32f2xx_hal_tim.c:3816:19:HAL_TIM_GenerateEvent	0	static
stm32f2xx_hal_tim.c:3854:19:HAL_TIM_ConfigOCrefClear	12	static
stm32f2xx_hal_tim.c:3957:19:HAL_TIM_ConfigClockSource	12	static
stm32f2xx_hal_tim.c:4118:19:HAL_TIM_ConfigTI1Input	0	static
stm32f2xx_hal_tim.c:4151:19:HAL_TIM_SlaveConfigSynchronization	16	static
stm32f2xx_hal_tim.c:4186:19:HAL_TIM_SlaveConfigSynchronization_IT	16	static
stm32f2xx_hal_tim.c:4225:10:HAL_TIM_ReadCapturedValue	0	static
stm32f2xx_hal_tim.c:4312:13:HAL_TIM_PeriodElapsedCallback	0	static
stm32f2xx_hal_tim.c:4774:13:TIM_DMAPeriodElapsedCplt	8	static
stm32f2xx_hal_tim.c:4327:13:HAL_TIM_OC_DelayElapsedCallback	0	static
stm32f2xx_hal_tim.c:4342:13:HAL_TIM_IC_CaptureCallback	0	static
stm32f2xx_hal_tim.c:4710:6:TIM_DMACaptureCplt	8	static
stm32f2xx_hal_tim.c:4357:13:HAL_TIM_PWM_PulseFinishedCallback	0	static
stm32f2xx_hal_tim.c:4661:6:TIM_DMADelayPulseCplt	8	static
stm32f2xx_hal_tim.c:4372:13:HAL_TIM_TriggerCallback	0	static
stm32f2xx_hal_tim.c:2817:6:HAL_TIM_IRQHandler	8	static
stm32f2xx_hal_tim.c:4789:13:TIM_DMATriggerCplt	8	static
stm32f2xx_hal_tim.c:4387:13:HAL_TIM_ErrorCallback	0	static
stm32f2xx_hal_tim.c:4695:6:TIM_DMAError	8	static
stm32f2xx_hal_tim.c:4420:22:HAL_TIM_Base_GetState	0	static
stm32f2xx_hal_tim.c:4431:22:HAL_TIM_OC_GetState	0	static
stm32f2xx_hal_tim.c:4442:22:HAL_TIM_PWM_GetState	0	static
stm32f2xx_hal_tim.c:4453:22:HAL_TIM_IC_GetState	0	static
stm32f2xx_hal_tim.c:4464:22:HAL_TIM_OnePulse_GetState	0	static
stm32f2xx_hal_tim.c:4475:22:HAL_TIM_Encoder_GetState	0	static
stm32f2xx_hal_tim.c:4489:6:TIM_Base_SetConfig	0	static
stm32f2xx_hal_tim.c:206:19:HAL_TIM_Base_Init	8	static
stm32f2xx_hal_tim.c:489:19:HAL_TIM_OC_Init	8	static
stm32f2xx_hal_tim.c:1002:19:HAL_TIM_PWM_Init	8	static
stm32f2xx_hal_tim.c:1518:19:HAL_TIM_IC_Init	8	static
stm32f2xx_hal_tim.c:2001:19:HAL_TIM_OnePulse_Init	16	static
stm32f2xx_hal_tim.c:2290:19:HAL_TIM_Encoder_Init	24	static
stm32f2xx_hal_tim.c:4552:6:TIM_TI1_SetConfig	12	static
stm32f2xx_hal_tim.c:3050:19:HAL_TIM_IC_ConfigChannel	24	static
stm32f2xx_hal_tim.c:4594:6:TIM_OC2_SetConfig	12	static
stm32f2xx_hal_tim.c:2980:19:HAL_TIM_OC_ConfigChannel	8	static
stm32f2xx_hal_tim.c:3147:19:HAL_TIM_PWM_ConfigChannel	16	static
stm32f2xx_hal_tim.c:3248:19:HAL_TIM_OnePulse_ConfigChannel	48	static
stm32f2xx_hal_tim.c:4751:6:TIM_CCxChannelCmd	4	static
stm32f2xx_hal_tim.c:593:19:HAL_TIM_OC_Start	8	static
stm32f2xx_hal_tim.c:626:19:HAL_TIM_OC_Stop	8	static
stm32f2xx_hal_tim.c:659:19:HAL_TIM_OC_Start_IT	8	static
stm32f2xx_hal_tim.c:726:19:HAL_TIM_OC_Stop_IT	8	static
stm32f2xx_hal_tim.c:795:19:HAL_TIM_OC_Start_DMA	16	static
stm32f2xx_hal_tim.c:913:19:HAL_TIM_OC_Stop_DMA	8	static
stm32f2xx_hal_tim.c:1106:19:HAL_TIM_PWM_Start	8	static
stm32f2xx_hal_tim.c:1139:19:HAL_TIM_PWM_Stop	8	static
stm32f2xx_hal_tim.c:1175:19:HAL_TIM_PWM_Start_IT	8	static
stm32f2xx_hal_tim.c:1242:19:HAL_TIM_PWM_Stop_IT	8	static
stm32f2xx_hal_tim.c:1311:19:HAL_TIM_PWM_Start_DMA	16	static
stm32f2xx_hal_tim.c:1429:19:HAL_TIM_PWM_Stop_DMA	8	static
stm32f2xx_hal_tim.c:1622:19:HAL_TIM_IC_Start	8	static
stm32f2xx_hal_tim.c:1649:19:HAL_TIM_IC_Stop	8	static
stm32f2xx_hal_tim.c:1676:19:HAL_TIM_IC_Start_IT	8	static
stm32f2xx_hal_tim.c:1736:19:HAL_TIM_IC_Stop_IT	8	static
stm32f2xx_hal_tim.c:1799:19:HAL_TIM_IC_Start_DMA	16	static
stm32f2xx_hal_tim.c:1913:19:HAL_TIM_IC_Stop_DMA	8	static
stm32f2xx_hal_tim.c:2110:19:HAL_TIM_OnePulse_Start	8	static
stm32f2xx_hal_tim.c:2147:19:HAL_TIM_OnePulse_Stop	8	static
stm32f2xx_hal_tim.c:2184:19:HAL_TIM_OnePulse_Start_IT	8	static
stm32f2xx_hal_tim.c:2227:19:HAL_TIM_OnePulse_Stop_IT	8	static
stm32f2xx_hal_tim.c:2445:19:HAL_TIM_Encoder_Start	8	static
stm32f2xx_hal_tim.c:2488:19:HAL_TIM_Encoder_Stop	8	static
stm32f2xx_hal_tim.c:2532:19:HAL_TIM_Encoder_Start_IT	8	static
stm32f2xx_hal_tim.c:2581:19:HAL_TIM_Encoder_Stop_IT	8	static
stm32f2xx_hal_tim.c:2636:19:HAL_TIM_Encoder_Start_DMA	24	static
stm32f2xx_hal_tim.c:2754:19:HAL_TIM_Encoder_Stop_DMA	8	static
