stm32f2xx_it.c:90:6:NMI_Handler	0	static
stm32f2xx_it.c:103:6:HardFault_Handler	0	static
stm32f2xx_it.c:118:6:MemManage_Handler	0	static
stm32f2xx_it.c:133:6:BusFault_Handler	0	static
stm32f2xx_it.c:148:6:UsageFault_Handler	0	static
stm32f2xx_it.c:163:6:SVC_Handler	0	static
stm32f2xx_it.c:176:6:DebugMon_Handler	0	static
stm32f2xx_it.c:189:6:PendSV_Handler	0	static
stm32f2xx_it.c:202:6:SysTick_Handler	8	static
stm32f2xx_it.c:225:6:USART1_IRQHandler	8	static
stm32f2xx_it.c:242:6:USART3_IRQHandler	8	static
stm32f2xx_it.c:259:6:OTG_FS_IRQHandler	8	static
