Archive member included to satisfy reference by file (symbol)

c:/program files (x86)/atollic/truestudio for stm32 9.0.0/armtools/bin/../lib/gcc/arm-atollic-eabi/6.3.1/../../../../arm-atollic-eabi/lib/armv7-m\libc_nano.a(lib_a-atof.o)
                              applic\windows\GEdit.o (atof)
c:/program files (x86)/atollic/truestudio for stm32 9.0.0/armtools/bin/../lib/gcc/arm-atollic-eabi/6.3.1/../../../../arm-atollic-eabi/lib/armv7-m\libc_nano.a(lib_a-atoi.o)
                              applic\board.o (atoi)
c:/program files (x86)/atollic/truestudio for stm32 9.0.0/armtools/bin/../lib/gcc/arm-atollic-eabi/6.3.1/../../../../arm-atollic-eabi/lib/armv7-m\libc_nano.a(lib_a-errno.o)
                              Application\TrueSTUDIO\syscalls.o (__errno)
c:/program files (x86)/atollic/truestudio for stm32 9.0.0/armtools/bin/../lib/gcc/arm-atollic-eabi/6.3.1/../../../../arm-atollic-eabi/lib/armv7-m\libc_nano.a(lib_a-impure.o)
                              c:/program files (x86)/atollic/truestudio for stm32 9.0.0/armtools/bin/../lib/gcc/arm-atollic-eabi/6.3.1/../../../../arm-atollic-eabi/lib/armv7-m\libc_nano.a(lib_a-errno.o) (_impure_ptr)
c:/program files (x86)/atollic/truestudio for stm32 9.0.0/armtools/bin/../lib/gcc/arm-atollic-eabi/6.3.1/../../../../arm-atollic-eabi/lib/armv7-m\libc_nano.a(lib_a-init.o)
                              Application\TrueSTUDIO\startup_stm32f205xx.o (__libc_init_array)
c:/program files (x86)/atollic/truestudio for stm32 9.0.0/armtools/bin/../lib/gcc/arm-atollic-eabi/6.3.1/../../../../arm-atollic-eabi/lib/armv7-m\libc_nano.a(lib_a-locale.o)
                              applic\board.o (__locale_ctype_ptr)
c:/program files (x86)/atollic/truestudio for stm32 9.0.0/armtools/bin/../lib/gcc/arm-atollic-eabi/6.3.1/../../../../arm-atollic-eabi/lib/armv7-m\libc_nano.a(lib_a-malloc.o)
                              Middlewares\USB_Device_Library\usbd_cdc.o (malloc)
c:/program files (x86)/atollic/truestudio for stm32 9.0.0/armtools/bin/../lib/gcc/arm-atollic-eabi/6.3.1/../../../../arm-atollic-eabi/lib/armv7-m\libc_nano.a(lib_a-mbtowc_r.o)
                              c:/program files (x86)/atollic/truestudio for stm32 9.0.0/armtools/bin/../lib/gcc/arm-atollic-eabi/6.3.1/../../../../arm-atollic-eabi/lib/armv7-m\libc_nano.a(lib_a-locale.o) (__ascii_mbtowc)
c:/program files (x86)/atollic/truestudio for stm32 9.0.0/armtools/bin/../lib/gcc/arm-atollic-eabi/6.3.1/../../../../arm-atollic-eabi/lib/armv7-m\libc_nano.a(lib_a-memcpy-stub.o)
                              applic\modbusMaster.o (memcpy)
c:/program files (x86)/atollic/truestudio for stm32 9.0.0/armtools/bin/../lib/gcc/arm-atollic-eabi/6.3.1/../../../../arm-atollic-eabi/lib/armv7-m\libc_nano.a(lib_a-memset.o)
                              Application\User\main.o (memset)
c:/program files (x86)/atollic/truestudio for stm32 9.0.0/armtools/bin/../lib/gcc/arm-atollic-eabi/6.3.1/../../../../arm-atollic-eabi/lib/armv7-m\libc_nano.a(lib_a-nano-freer.o)
                              c:/program files (x86)/atollic/truestudio for stm32 9.0.0/armtools/bin/../lib/gcc/arm-atollic-eabi/6.3.1/../../../../arm-atollic-eabi/lib/armv7-m\libc_nano.a(lib_a-malloc.o) (_free_r)
c:/program files (x86)/atollic/truestudio for stm32 9.0.0/armtools/bin/../lib/gcc/arm-atollic-eabi/6.3.1/../../../../arm-atollic-eabi/lib/armv7-m\libc_nano.a(lib_a-nano-mallocr.o)
                              c:/program files (x86)/atollic/truestudio for stm32 9.0.0/armtools/bin/../lib/gcc/arm-atollic-eabi/6.3.1/../../../../arm-atollic-eabi/lib/armv7-m\libc_nano.a(lib_a-malloc.o) (_malloc_r)
c:/program files (x86)/atollic/truestudio for stm32 9.0.0/armtools/bin/../lib/gcc/arm-atollic-eabi/6.3.1/../../../../arm-atollic-eabi/lib/armv7-m\libc_nano.a(lib_a-sbrkr.o)
                              c:/program files (x86)/atollic/truestudio for stm32 9.0.0/armtools/bin/../lib/gcc/arm-atollic-eabi/6.3.1/../../../../arm-atollic-eabi/lib/armv7-m\libc_nano.a(lib_a-nano-mallocr.o) (_sbrk_r)
c:/program files (x86)/atollic/truestudio for stm32 9.0.0/armtools/bin/../lib/gcc/arm-atollic-eabi/6.3.1/../../../../arm-atollic-eabi/lib/armv7-m\libc_nano.a(lib_a-sprintf.o)
                              applic\debug.o (sprintf)
c:/program files (x86)/atollic/truestudio for stm32 9.0.0/armtools/bin/../lib/gcc/arm-atollic-eabi/6.3.1/../../../../arm-atollic-eabi/lib/armv7-m\libc_nano.a(lib_a-strcmp.o)
                              c:/program files (x86)/atollic/truestudio for stm32 9.0.0/armtools/bin/../lib/gcc/arm-atollic-eabi/6.3.1/../../../../arm-atollic-eabi/lib/armv7-m\libc_nano.a(lib_a-locale.o) (strcmp)
c:/program files (x86)/atollic/truestudio for stm32 9.0.0/armtools/bin/../lib/gcc/arm-atollic-eabi/6.3.1/../../../../arm-atollic-eabi/lib/armv7-m\libc_nano.a(lib_a-strcpy.o)
                              applic\windows\GCombo.o (strcpy)
[...]
Memory Configuration

Name             Origin             Length             Attributes
RAM              0x20000000         0x00010000         xrw
FLASH            0x08008000         0x00038000         xr
*default*        0x00000000         0xffffffff

Linker script and memory map

LOAD c:/program files (x86)/atollic/truestudio for stm32 9.0.0/armtools/bin/../lib/gcc/arm-atollic-eabi/6.3.1/armv7-m/crti.o
LOAD c:/program files (x86)/atollic/truestudio for stm32 9.0.0/armtools/bin/../lib/gcc/arm-atollic-eabi/6.3.1/armv7-m/crtbegin.o
LOAD Application\TrueSTUDIO\startup_stm32f205xx.o
LOAD Application\TrueSTUDIO\syscalls.o
LOAD Application\User\crc.o
LOAD Application\User\gpio.o
LOAD Application\User\iwdg.o
LOAD Application\User\main.o
LOAD Application\User\rtc.o
LOAD Application\User\stm32f2xx_hal_msp.o
LOAD Application\User\stm32f2xx_it.o
LOAD Application\User\tim.o
LOAD Application\User\usart.o
LOAD Application\User\usb_device.o
LOAD Application\User\usbd_cdc_if.o
LOAD Application\User\usbd_conf.o
LOAD Application\User\usbd_desc.o
LOAD Drivers\CMSIS\system_stm32f2xx.o
LOAD Drivers\STM32F2xx_HAL_Driver\stm32f2xx_hal.o
LOAD Drivers\STM32F2xx_HAL_Driver\stm32f2xx_hal_cortex.o
LOAD Drivers\STM32F2xx_HAL_Driver\stm32f2xx_hal_crc.o
LOAD Drivers\STM32F2xx_HAL_Driver\stm32f2xx_hal_dma.o
LOAD Drivers\STM32F2xx_HAL_Driver\stm32f2xx_hal_dma_ex.o
LOAD Drivers\STM32F2xx_HAL_Driver\stm32f2xx_hal_flash.o
LOAD Drivers\STM32F2xx_HAL_Driver\stm32f2xx_hal_flash_ex.o
LOAD Drivers\STM32F2xx_HAL_Driver\stm32f2xx_hal_gpio.o
LOAD Drivers\STM32F2xx_HAL_Driver\stm32f2xx_hal_iwdg.o
LOAD Drivers\STM32F2xx_HAL_Driver\stm32f2xx_hal_pcd.o
LOAD Drivers\STM32F2xx_HAL_Driver\stm32f2xx_hal_pcd_ex.o
LOAD Drivers\STM32F2xx_HAL_Driver\stm32f2xx_hal_pwr.o
LOAD Drivers\STM32F2xx_HAL_Driver\stm32f2xx_hal_pwr_ex.o
LOAD Drivers\STM32F2xx_HAL_Driver\stm32f2xx_hal_rcc.o
LOAD Drivers\STM32F2xx_HAL_Driver\stm32f2xx_hal_rcc_ex.o
LOAD Drivers\STM32F2xx_HAL_Driver\stm32f2xx_hal_rtc.o
LOAD Drivers\STM32F2xx_HAL_Driver\stm32f2xx_hal_rtc_ex.o
LOAD Drivers\STM32F2xx_HAL_Driver\stm32f2xx_hal_tim.o
LOAD Drivers\STM32F2xx_HAL_Driver\stm32f2xx_hal_tim_ex.o
LOAD Drivers\STM32F2xx_HAL_Driver\stm32f2xx_hal_uart.o
LOAD Drivers\STM32F2xx_HAL_Driver\stm32f2xx_ll_usb.o
LOAD Middlewares\USB_Device_Library\usbd_cdc.o
LOAD Middlewares\USB_Device_Library\usbd_core.o
LOAD Middlewares\USB_Device_Library\usbd_ctlreq.o
LOAD Middlewares\USB_Device_Library\usbd_ioreq.o
LOAD applic\application.o
LOAD applic\board.o
LOAD applic\buzzer.o
LOAD applic\dati.o
LOAD applic\debug.o
LOAD applic\display.o
LOAD applic\glcd\common\gcarc.o
LOAD applic\glcd\common\gchlnsp.o
LOAD applic\glcd\common\gcpsel.o
LOAD applic\glcd\common\gfcursor.o
LOAD applic\glcd\common\gfgetcxp.o
LOAD applic\glcd\common\gfgetcyp.o
LOAD applic\glcd\common\gfgeth.o
LOAD applic\glcd\common\gfgetw.o
LOAD applic\glcd\common\gfputch.o
LOAD applic\glcd\common\gfsel.o
LOAD applic\glcd\common\gfsetcp.o
LOAD applic\glcd\common\gfsetp.o
LOAD applic\glcd\common\gfsymw.o
LOAD applic\glcd\common\gftabs.o
LOAD applic\glcd\common\ggcircle.o
LOAD applic\glcd\common\ggetfsym.o
LOAD applic\glcd\common\ggetmbc.o
LOAD applic\glcd\common\ggetmode.o
LOAD applic\glcd\common\gggetxyp.o
LOAD applic\glcd\common\ggline.o
LOAD applic\glcd\common\ggpixel.o
LOAD applic\glcd\common\ggrect.o
LOAD applic\glcd\common\gicarc.o
LOAD applic\glcd\common\giputsym.o
LOAD applic\glcd\common\gmbcpyw.o
LOAD applic\glcd\common\gmstrcpy.o
LOAD applic\glcd\common\gmstrlen.o
LOAD applic\glcd\common\gpstrh.o
LOAD applic\glcd\common\groundrec.o
LOAD applic\glcd\common\gscreen.o
LOAD applic\glcd\common\gsetcpy.o
LOAD applic\glcd\common\gslen.o
LOAD applic\glcd\common\gsputs.o
LOAD applic\glcd\common\gstrln.o
LOAD applic\glcd\common\gsymcput.o
LOAD applic\glcd\common\gsymfill.o
LOAD applic\glcd\common\gsymget.o
LOAD applic\glcd\common\gsymput.o
LOAD applic\glcd\common\gvpapp.o
LOAD applic\glcd\common\gvpclr.o
LOAD applic\glcd\common\gvpcset.o
LOAD applic\glcd\common\gvpfill.o
LOAD applic\glcd\common\gvpget.o
LOAD applic\glcd\common\gvpinit.o
LOAD applic\glcd\common\gvpinv.o
LOAD applic\glcd\common\gvpmode.o
LOAD applic\glcd\common\gvpreset.o
LOAD applic\glcd\common\gvpscrol.o
LOAD applic\glcd\common\gvpsel.o
LOAD applic\glcd\common\gvpset.o
LOAD applic\glcd\common\gvpvph.o
LOAD applic\glcd\common\gvpvpw.o
LOAD applic\glcd\common\gvpxl.o
LOAD applic\glcd\common\gvpxr.o
LOAD applic\glcd\common\gvpyb.o
LOAD applic\glcd\common\gvpyt.o
LOAD applic\glcd\fonts\ariel18.o
LOAD applic\glcd\fonts\ariel9.o
LOAD applic\glcd\fonts\cp885914.o
LOAD applic\glcd\fonts\cp8859_9.o
LOAD applic\glcd\fonts\footnote.o
LOAD applic\glcd\fonts\mono5_8.o
LOAD applic\glcd\fonts\mono8_8.o
LOAD applic\glcd\fonts\ms58p.o
LOAD applic\glcd\fonts\msfont58.o
LOAD applic\glcd\fonts\msfont78.o
LOAD applic\glcd\fonts\narrow10.o
LOAD applic\glcd\fonts\narrow20.o
LOAD applic\glcd\fonts\times13.o
LOAD applic\glcd\fonts\times16.o
LOAD applic\glcd\fonts\times9.o
LOAD applic\glcd\fonts\uni_16x16.o
LOAD applic\glcd\ks07xx\cfgio\ghwioini.o
LOAD applic\glcd\ks07xx\ghwblkrw.o
LOAD applic\glcd\ks07xx\ghwbuf.o
LOAD applic\glcd\ks07xx\ghwfill.o
LOAD applic\glcd\ks07xx\ghwgscrl.o
LOAD applic\glcd\ks07xx\ghwinit.o
LOAD applic\glcd\ks07xx\ghwinv.o
LOAD applic\glcd\ks07xx\ghwpixel.o
LOAD applic\glcd\ks07xx\ghwretgl.o
LOAD applic\glcd\ks07xx\ghwsymrd.o
LOAD applic\glcd\ks07xx\ghwsymwr.o
LOAD applic\glcd\vfonts\getvmem.o
LOAD applic\glcd\vfonts\gfontv.o
LOAD applic\img.o
LOAD applic\modbusMaster.o
LOAD applic\modbusSlave.o
LOAD applic\msg.o
LOAD applic\pwm.o
LOAD applic\tastiera.o
LOAD applic\uart1.o
LOAD applic\uart3.o
LOAD applic\usb.o
LOAD applic\utility.o
LOAD applic\watchdog.o
LOAD applic\windows\GCombo.o
LOAD applic\windows\GEdit.o
LOAD applic\windows\GMenu.o
LOAD applic\windows\winHourMeters.o
LOAD applic\windows\winInit.o
LOAD applic\windows\winMain.o
LOAD applic\windows\winMenu.o
LOAD applic\windows\winOrologio.o
LOAD applic\windows\winProgram.o
LOAD applic\windows\winProgramStrerilizer.o
LOAD applic\windows\winSlaveSave.o
LOAD applic\windows\winSyncro.o
LOAD applic\windows\winTacho.o
LOAD applic\windows\winUpgrade.o
LOAD applic\windows\windows.o
LOAD kernel\src\maintimer.o
                0x00000080                malloc_getpagesize_P = 0x80
START GROUP
LOAD c:/program files (x86)/atollic/truestudio for stm32 9.0.0/armtools/bin/../lib/gcc/arm-atollic-eabi/6.3.1/../../../../arm-atollic-eabi/lib/armv7-m\libc_nano.a
LOAD c:/program files (x86)/atollic/truestudio for stm32 9.0.0/armtools/bin/../lib/gcc/arm-atollic-eabi/6.3.1/../../../../arm-atollic-eabi/lib/armv7-m\libm.a
END GROUP
START GROUP
LOAD c:/program files (x86)/atollic/truestudio for stm32 9.0.0/armtools/bin/../lib/gcc/arm-atollic-eabi/6.3.1/armv7-m\libgcc.a
LOAD c:/program files (x86)/atollic/truestudio for stm32 9.0.0/armtools/bin/../lib/gcc/arm-atollic-eabi/6.3.1/../../../../arm-atollic-eabi/lib/armv7-m\libc_nano.a
END GROUP
START GROUP
LOAD c:/program files (x86)/atollic/truestudio for stm32 9.0.0/armtools/bin/../lib/gcc/arm-atollic-eabi/6.3.1/armv7-m\libgcc.a
LOAD c:/program files (x86)/atollic/truestudio for stm32 9.0.0/armtools/bin/../lib/gcc/arm-atollic-eabi/6.3.1/../../../../arm-atollic-eabi/lib/armv7-m\libc_nano.a
LOAD c:/program files (x86)/atollic/truestudio for stm32 9.0.0/armtools/bin/../lib/gcc/arm-atollic-eabi/6.3.1/../../../../arm-atollic-eabi/lib/armv7-m\libnosys.a
END GROUP
START GROUP
LOAD c:/program files (x86)/atollic/truestudio for stm32 9.0.0/armtools/bin/../lib/gcc/arm-atollic-eabi/6.3.1/armv7-m\libgcc.a
LOAD c:/program files (x86)/atollic/truestudio for stm32 9.0.0/armtools/bin/../lib/gcc/arm-atollic-eabi/6.3.1/../../../../arm-atollic-eabi/lib/armv7-m\libc_nano.a
LOAD c:/program files (x86)/atollic/truestudio for stm32 9.0.0/armtools/bin/../lib/gcc/arm-atollic-eabi/6.3.1/../../../../arm-atollic-eabi/lib/armv7-m\libnosys.a
END GROUP
LOAD c:/program files (x86)/atollic/truestudio for stm32 9.0.0/armtools/bin/../lib/gcc/arm-atollic-eabi/6.3.1/armv7-m/crtend.o
LOAD c:/program files (x86)/atollic/truestudio for stm32 9.0.0/armtools/bin/../lib/gcc/arm-atollic-eabi/6.3.1/armv7-m/crtn.o
                0x20010000                _estack = 0x20010000
                0x00000800                _Min_Heap_Size = 0x800
                0x00001000                _Min_Stack_Size = 0x1000

.isr_vector     0x08008000      0x184
                0x08008000                . = ALIGN (0x4)
 *(.isr_vector)
 .isr_vector    0x08008000      0x184 Application\TrueSTUDIO\startup_stm32f205xx.o
                0x08008000                g_pfnVectors
                0x08008184                . = ALIGN (0x4)

.text           0x08008188    0x15f6c
                0x08008188                . = ALIGN (0x4)
 *(.text)
 .text          0x08008188       0x40 c:/program files (x86)/atollic/truestudio for stm32 9.0.0/armtools/bin/../lib/gcc/arm-atollic-eabi/6.3.1/armv7-m/crtbegin.o
 .text          0x080081c8       0x10 c:/program files (x86)/atollic/truestudio for stm32 9.0.0/armtools/bin/../lib/gcc/arm-atollic-eabi/6.3.1/../../../../arm-atollic-eabi/lib/armv7-m\libc_nano.a(lib_a-strlen.o)
                0x080081c8                strlen
 .text          0x080081d8      0x370 c:/program files (x86)/atollic/truestudio for stm32 9.0.0/armtools/bin/../lib/gcc/arm-atollic-eabi/6.3.1/armv7-m\libgcc.a(_arm_addsubdf3.o)
                0x080081d8                __aeabi_drsub
                0x080081e0                __aeabi_dsub
                0x080081e0                __subdf3
                0x080081e4                __aeabi_dadd
                0x080081e4                __adddf3
                0x0800845c                __floatunsidf
                0x0800845c                __aeabi_ui2d
                0x0800847c                __floatsidf
                0x0800847c                __aeabi_i2d
                0x080084a0                __aeabi_f2d
                0x080084a0                __extendsfdf2
                0x080084dc                __floatundidf
                0x080084dc                __aeabi_ul2d
                0x080084ec                __floatdidf
                0x080084ec                __aeabi_l2d
 .text          0x08008548      0x424 c:/program files (x86)/atollic/truestudio for stm32 9.0.0/armtools/bin/../lib/gcc/arm-atollic-eabi/6.3.1/armv7-m\libgcc.a(_arm_muldivdf3.o)
                0x08008548                __aeabi_dmul
                0x08008548                __muldf3
                0x0800879c                __divdf3
                0x0800879c                __aeabi_ddiv
 .text          0x0800896c      0x110 c:/program files (x86)/atollic/truestudio for stm32 9.0.0/armtools/bin/../lib/gcc/arm-atollic-eabi/6.3.1/armv7-m\libgcc.a(_arm_cmpdf2.o)
                0x0800896c                __gtdf2
                0x0800896c                __gedf2
                0x08008974                __ltdf2
                0x08008974                __ledf2
                0x0800897c                __nedf2
                0x0800897c                __eqdf2
                0x0800897c                __cmpdf2
                0x080089f8                __aeabi_cdrcmple
                0x08008a08                __aeabi_cdcmpeq
                0x08008a08                __aeabi_cdcmple
                0x08008a18                __aeabi_dcmpeq
                0x08008a2c                __aeabi_dcmplt
                0x08008a40                __aeabi_dcmple
                0x08008a54                __aeabi_dcmpge
                0x08008a68                __aeabi_dcmpgt
 .text          0x08008a7c       0x50 c:/program files (x86)/atollic/truestudio for stm32 9.0.0/armtools/bin/../lib/gcc/arm-atollic-eabi/6.3.1/armv7-m\libgcc.a(_arm_fixdfsi.o)
                0x08008a7c                __aeabi_d2iz
                0x08008a7c                __fixdfsi
 .text          0x08008acc       0x40 c:/program files (x86)/atollic/truestudio for stm32 9.0.0/armtools/bin/../lib/gcc/arm-atollic-eabi/6.3.1/armv7-m\libgcc.a(_arm_fixunsdfsi.o)
                0x08008acc                __aeabi_d2uiz
                0x08008acc                __fixunsdfsi
 .text          0x08008b0c       0xa0 c:/program files (x86)/atollic/truestudio for stm32 9.0.0/armtools/bin/../lib/gcc/arm-atollic-eabi/6.3.1/armv7-m\libgcc.a(_arm_truncdfsf2.o)
                0x08008b0c                __truncdfsf2
                0x08008b0c                __aeabi_d2f
 .text          0x08008bac      0x21c c:/program files (x86)/atollic/truestudio for stm32 9.0.0/armtools/bin/../lib/gcc/arm-atollic-eabi/6.3.1/armv7-m\libgcc.a(_arm_addsubsf3.o)
                0x08008bac                __aeabi_frsub
                0x08008bb4                __subsf3
                0x08008bb4                __aeabi_fsub
                0x08008bb8                __aeabi_fadd
                0x08008bb8                __addsf3
                0x08008d18                __aeabi_ui2f
                0x08008d18                __floatunsisf
                0x08008d20                __aeabi_i2f
                0x08008d20                __floatsisf
                0x08008d3c                __aeabi_ul2f
                0x08008d3c                __floatundisf
                0x08008d4c                __aeabi_l2f
                0x08008d4c                __floatdisf
 .text          0x08008dc8      0x2a0 c:/program files (x86)/atollic/truestudio for stm32 9.0.0/armtools/bin/../lib/gcc/arm-atollic-eabi/6.3.1/armv7-m\libgcc.a(_arm_muldivsf3.o)
                0x08008dc8                __mulsf3
                0x08008dc8                __aeabi_fmul
                0x08008f30                __aeabi_fdiv
                0x08008f30                __divsf3
 .text          0x08009068       0xec c:/program files (x86)/atollic/truestudio for stm32 9.0.0/armtools/bin/../lib/gcc/arm-atollic-eabi/6.3.1/armv7-m\libgcc.a(_arm_cmpsf2.o)
                0x08009068                __gesf2
                0x08009068                __gtsf2
                0x08009070                __lesf2
                0x08009070                __ltsf2
                0x08009078                __nesf2
                0x08009078                __eqsf2
                0x08009078                __cmpsf2
                0x080090d8                __aeabi_cfrcmple
                0x080090e0                __aeabi_cfcmpeq
                0x080090e0                __aeabi_cfcmple
                0x080090f0                __aeabi_fcmpeq
                0x08009104                __aeabi_fcmplt
                0x08009118                __aeabi_fcmple
                0x0800912c                __aeabi_fcmpge
                0x08009140                __aeabi_fcmpgt
 .text          0x08009154       0x4c c:/program files (x86)/atollic/truestudio for stm32 9.0.0/armtools/bin/../lib/gcc/arm-atollic-eabi/6.3.1/armv7-m\libgcc.a(_arm_fixsfsi.o)
                0x08009154                __aeabi_f2iz
                0x08009154                __fixsfsi
 .text          0x080091a0       0x40 c:/program files (x86)/atollic/truestudio for stm32 9.0.0/armtools/bin/../lib/gcc/arm-atollic-eabi/6.3.1/armv7-m\libgcc.a(_arm_fixunssfsi.o)
                0x080091a0                __fixunssfsi
                0x080091a0                __aeabi_f2uiz
 .text          0x080091e0       0x30 c:/program files (x86)/atollic/truestudio for stm32 9.0.0/armtools/bin/../lib/gcc/arm-atollic-eabi/6.3.1/armv7-m\libgcc.a(_aeabi_uldivmod.o)
                0x080091e0                __aeabi_uldivmod
 .text          0x08009210      0x2dc c:/program files (x86)/atollic/truestudio for stm32 9.0.0/armtools/bin/../lib/gcc/arm-atollic-eabi/6.3.1/armv7-m\libgcc.a(_udivmoddi4.o)
                0x08009210                __udivmoddi4
 .text          0x080094ec        0x4 c:/program files (x86)/atollic/truestudio for stm32 9.0.0/armtools/bin/../lib/gcc/arm-atollic-eabi/6.3.1/armv7-m\libgcc.a(_dvmd_tls.o)
                0x080094ec                __aeabi_idiv0
                0x080094ec                __aeabi_ldiv0
 *(.text*)
 .text.Reset_Handler
                0x080094f0       0x50 Application\TrueSTUDIO\startup_stm32f205xx.o
                0x080094f0                Reset_Handler
 .text.Default_Handler
                0x08009540        0x2 Application\TrueSTUDIO\startup_stm32f205xx.o
                0x08009540                RTC_Alarm_IRQHandler
                0x08009540                HASH_RNG_IRQHandler
                0x08009540                EXTI2_IRQHandler
                0x08009540                TIM8_CC_IRQHandler
                0x08009540                TIM1_CC_IRQHandler
                0x08009540                DMA2_Stream5_IRQHandler
                0x08009540                DMA1_Stream5_IRQHandler
                0x08009540                PVD_IRQHandler
                0x08009540                SDIO_IRQHandler
                0x08009540                TAMP_STAMP_IRQHandler
                0x08009540                CAN2_RX1_IRQHandler
                0x08009540                EXTI3_IRQHandler
                0x08009540                TIM8_TRG_COM_TIM14_IRQHandler
                0x08009540                TIM1_UP_TIM10_IRQHandler
                0x08009540                TIM8_UP_TIM13_IRQHandler
                0x08009540                I2C3_ER_IRQHandler
                0x08009540                EXTI0_IRQHandler
                0x08009540                I2C2_EV_IRQHandler
                0x08009540                DMA1_Stream2_IRQHandler
                0x08009540                CAN1_RX0_IRQHandler
                0x08009540                OTG_HS_WKUP_IRQHandler
                0x08009540                CAN2_SCE_IRQHandler
                0x08009540                DMA2_Stream2_IRQHandler
                0x08009540                SPI1_IRQHandler
                0x08009540                TIM6_DAC_IRQHandler
                0x08009540                TIM1_BRK_TIM9_IRQHandler
                0x08009540                CAN2_RX0_IRQHandler
                0x08009540                DMA2_Stream3_IRQHandler
                0x08009540                USART6_IRQHandler
                0x08009540                CAN1_RX1_IRQHandler
                0x08009540                UART5_IRQHandler
                0x08009540                DMA2_Stream0_IRQHandler
                0x08009540                TIM4_IRQHandler
                0x08009540                I2C1_EV_IRQHandler
                0x08009540                DMA1_Stream6_IRQHandler
                0x08009540                DMA1_Stream1_IRQHandler
                0x08009540                UART4_IRQHandler
                0x08009540                TIM3_IRQHandler
                0x08009540                RCC_IRQHandler
                0x08009540                TIM8_BRK_TIM12_IRQHandler
                0x08009540                Default_Handler
                0x08009540                EXTI15_10_IRQHandler
                0x08009540                ADC_IRQHandler
                0x08009540                DMA1_Stream7_IRQHandler
                0x08009540                TIM7_IRQHandler
                0x08009540                CAN2_TX_IRQHandler
                0x08009540                TIM5_IRQHandler
                0x08009540                DMA2_Stream7_IRQHandler
                0x08009540                I2C3_EV_IRQHandler
                0x08009540                EXTI9_5_IRQHandler
                0x08009540                RTC_WKUP_IRQHandler
                0x08009540                SPI2_IRQHandler
                0x08009540                OTG_HS_EP1_IN_IRQHandler
                0x08009540                DMA1_Stream0_IRQHandler
                0x08009540                CAN1_TX_IRQHandler
                0x08009540                EXTI4_IRQHandler
                0x08009540                FSMC_IRQHandler
                0x08009540                OTG_HS_EP1_OUT_IRQHandler
                0x08009540                WWDG_IRQHandler
                0x08009540                TIM2_IRQHandler
                0x08009540                OTG_FS_WKUP_IRQHandler
                0x08009540                TIM1_TRG_COM_TIM11_IRQHandler
                0x08009540                OTG_HS_IRQHandler
                0x08009540                EXTI1_IRQHandler
                0x08009540                USART2_IRQHandler
                0x08009540                I2C2_ER_IRQHandler
                0x08009540                DMA2_Stream1_IRQHandler
                0x08009540                CAN1_SCE_IRQHandler
                0x08009540                FLASH_IRQHandler
                0x08009540                DMA2_Stream4_IRQHandler
                0x08009540                SPI3_IRQHandler
                0x08009540                DMA1_Stream4_IRQHandler
                0x08009540                I2C1_ER_IRQHandler
                0x08009540                DMA2_Stream6_IRQHandler
                0x08009540                DMA1_Stream3_IRQHandler
 *fill*         0x08009542        0x2 
 .text._sbrk    0x08009544       0x3c Application\TrueSTUDIO\syscalls.o
                0x08009544                _sbrk
 .text.MX_CRC_Init
                0x08009580       0x20 Application\User\crc.o
                0x08009580                MX_CRC_Init
 .text.HAL_CRC_MspInit
                0x080095a0       0x30 Application\User\crc.o
                0x080095a0                HAL_CRC_MspInit
 .text.MX_GPIO_Init
                0x080095d0      0x100 Application\User\gpio.o
                0x080095d0                MX_GPIO_Init
 .text.MX_IWDG_Init
                0x080096d0       0x28 Application\User\iwdg.o
                0x080096d0                MX_IWDG_Init
 .text.SystemClock_Config
                0x080096f8       0x76 Application\User\main.o
                0x080096f8                SystemClock_Config
 .text.main     0x0800976e       0x38 Application\User\main.o
                0x0800976e                main
 .text.Error_Handler
                0x080097a6        0x2 Application\User\main.o
                0x080097a6                Error_Handler
 .text.MX_RTC_Init
                0x080097a8       0x30 Application\User\rtc.o
                0x080097a8                MX_RTC_Init
 .text.HAL_RTC_MspInit
                0x080097d8       0x1c Application\User\rtc.o
                0x080097d8                HAL_RTC_MspInit
 .text.RTC_GetDayName
                0x080097f4       0x64 Application\User\rtc.o
                0x080097f4                RTC_GetDayName
 .text.HAL_MspInit
                0x08009858       0x38 Application\User\stm32f2xx_hal_msp.o
                0x08009858                HAL_MspInit
 .text.NMI_Handler
                0x08009890        0x2 Application\User\stm32f2xx_it.o
                0x08009890                NMI_Handler
 .text.HardFault_Handler
                0x08009892        0x2 Application\User\stm32f2xx_it.o
                0x08009892                HardFault_Handler
 .text.MemManage_Handler
                0x08009894        0x2 Application\User\stm32f2xx_it.o
                0x08009894                MemManage_Handler
 .text.BusFault_Handler
                0x08009896        0x2 Application\User\stm32f2xx_it.o
                0x08009896                BusFault_Handler
 .text.UsageFault_Handler
                0x08009898        0x2 Application\User\stm32f2xx_it.o
                0x08009898                UsageFault_Handler
 .text.SVC_Handler
                0x0800989a        0x2 Application\User\stm32f2xx_it.o
                0x0800989a                SVC_Handler
 .text.DebugMon_Handler
                0x0800989c        0x2 Application\User\stm32f2xx_it.o
                0x0800989c                DebugMon_Handler
 .text.PendSV_Handler
                0x0800989e        0x2 Application\User\stm32f2xx_it.o
                0x0800989e                PendSV_Handler
 .text.SysTick_Handler
                0x080098a0        0xc Application\User\stm32f2xx_it.o
                0x080098a0                SysTick_Handler
 .text.USART1_IRQHandler
                0x080098ac        0x8 Application\User\stm32f2xx_it.o
                0x080098ac                USART1_IRQHandler
 .text.USART3_IRQHandler
                0x080098b4        0x8 Application\User\stm32f2xx_it.o
                0x080098b4                USART3_IRQHandler
 .text.OTG_FS_IRQHandler
                0x080098bc       0x10 Application\User\stm32f2xx_it.o
                0x080098bc                OTG_FS_IRQHandler
 .text.MX_TIM2_Init
                0x080098cc       0x68 Application\User\tim.o
                0x080098cc                MX_TIM2_Init
 .text.HAL_TIM_PWM_MspInit
                0x08009934       0x54 Application\User\tim.o
                0x08009934                HAL_TIM_PWM_MspInit
 .text.HAL_TIM_Base_MspInit
                0x08009988       0x2c Application\User\tim.o
                0x08009988                HAL_TIM_Base_MspInit
 .text.HAL_TIM_MspPostInit
                0x080099b4       0x94 Application\User\tim.o
                0x080099b4                HAL_TIM_MspPostInit
 .text.MX_TIM1_Init
                0x08009a48       0xbc Application\User\tim.o
                0x08009a48                MX_TIM1_Init
 .text.MX_TIM3_Init
                0x08009b04       0x80 Application\User\tim.o
                0x08009b04                MX_TIM3_Init
 .text.MX_USART1_UART_Init
                0x08009b84       0x34 Application\User\usart.o
                0x08009b84                MX_USART1_UART_Init
 .text.MX_USART3_UART_Init
                0x08009bb8       0x34 Application\User\usart.o
                0x08009bb8                MX_USART3_UART_Init
 .text.HAL_UART_MspInit
                0x08009bec       0xec Application\User\usart.o
                0x08009bec                HAL_UART_MspInit
 .text.HAL_UART_MspDeInit
                0x08009cd8       0x5c Application\User\usart.o
                0x08009cd8                HAL_UART_MspDeInit
 .text.MX_UART1_ReInit
                0x08009d34       0x5c Application\User\usart.o
                0x08009d34                MX_UART1_ReInit
 .text.MX_USB_DEVICE_Init
                0x08009d90       0x54 Application\User\usb_device.o
                0x08009d90                MX_USB_DEVICE_Init
 .text.CDC_DeInit_FS
                0x08009de4        0x4 Application\User\usbd_cdc_if.o
 .text.CDC_Control_FS
                0x08009de8       0x58 Application\User\usbd_cdc_if.o
 .text.CDC_Receive_FS
                0x08009e40       0x24 Application\User\usbd_cdc_if.o
 .text.CDC_Init_FS
                0x08009e64       0x28 Application\User\usbd_cdc_if.o
 .text.HAL_PCD_MspInit
                0x08009e8c       0x90 Application\User\usbd_conf.o
                0x08009e8c                HAL_PCD_MspInit
 .text.HAL_PCD_SetupStageCallback
                0x08009f1c       0x10 Application\User\usbd_conf.o
                0x08009f1c                HAL_PCD_SetupStageCallback
 .text.HAL_PCD_DataOutStageCallback
                0x08009f2c       0x18 Application\User\usbd_conf.o
                0x08009f2c                HAL_PCD_DataOutStageCallback
 .text.HAL_PCD_DataInStageCallback
                0x08009f44       0x16 Application\User\usbd_conf.o
                0x08009f44                HAL_PCD_DataInStageCallback
 .text.HAL_PCD_SOFCallback
                0x08009f5a        0xc Application\User\usbd_conf.o
                0x08009f5a                HAL_PCD_SOFCallback
 .text.HAL_PCD_ResetCallback
                0x08009f66       0x2c Application\User\usbd_conf.o
                0x08009f66                HAL_PCD_ResetCallback
 *fill*         0x08009f92        0x2 
 .text.HAL_PCD_SuspendCallback
                0x08009f94       0x30 Application\User\usbd_conf.o
                0x08009f94                HAL_PCD_SuspendCallback
 .text.HAL_PCD_ResumeCallback
                0x08009fc4        0xc Application\User\usbd_conf.o
                0x08009fc4                HAL_PCD_ResumeCallback
 .text.HAL_PCD_ISOOUTIncompleteCallback
                0x08009fd0        0xc Application\User\usbd_conf.o
                0x08009fd0                HAL_PCD_ISOOUTIncompleteCallback
 .text.HAL_PCD_ISOINIncompleteCallback
                0x08009fdc        0xc Application\User\usbd_conf.o
                0x08009fdc                HAL_PCD_ISOINIncompleteCallback
 .text.HAL_PCD_ConnectCallback
                0x08009fe8        0xc Application\User\usbd_conf.o
                0x08009fe8                HAL_PCD_ConnectCallback
 .text.HAL_PCD_DisconnectCallback
                0x08009ff4        0xc Application\User\usbd_conf.o
                0x08009ff4                HAL_PCD_DisconnectCallback
 .text.USBD_LL_Init
                0x0800a000       0x64 Application\User\usbd_conf.o
                0x0800a000                USBD_LL_Init
 .text.USBD_LL_IsStallEP
                0x0800a064       0x2e Application\User\usbd_conf.o
                0x0800a064                USBD_LL_IsStallEP
 .text.USBD_LL_GetRxDataSize
                0x0800a092        0xc Application\User\usbd_conf.o
                0x0800a092                USBD_LL_GetRxDataSize
 .text.USBD_Get_USB_Status
                0x0800a09e       0x10 Application\User\usbd_conf.o
                0x0800a09e                USBD_Get_USB_Status
 .text.USBD_LL_Start
                0x0800a0ae       0x10 Application\User\usbd_conf.o
                0x0800a0ae                USBD_LL_Start
 .text.USBD_LL_OpenEP
                0x0800a0be       0x16 Application\User\usbd_conf.o
                0x0800a0be                USBD_LL_OpenEP
 .text.USBD_LL_CloseEP
                0x0800a0d4       0x10 Application\User\usbd_conf.o
                0x0800a0d4                USBD_LL_CloseEP
 .text.USBD_LL_StallEP
                0x0800a0e4       0x10 Application\User\usbd_conf.o
                0x0800a0e4                USBD_LL_StallEP
 .text.USBD_LL_ClearStallEP
                0x0800a0f4       0x10 Application\User\usbd_conf.o
                0x0800a0f4                USBD_LL_ClearStallEP
 .text.USBD_LL_SetUSBAddress
                0x0800a104       0x10 Application\User\usbd_conf.o
                0x0800a104                USBD_LL_SetUSBAddress
 .text.USBD_LL_Transmit
                0x0800a114       0x10 Application\User\usbd_conf.o
                0x0800a114                USBD_LL_Transmit
 .text.USBD_LL_PrepareReceive
                0x0800a124       0x10 Application\User\usbd_conf.o
                0x0800a124                USBD_LL_PrepareReceive
 .text.USBD_FS_DeviceDescriptor
                0x0800a134        0xc Application\User\usbd_desc.o
                0x0800a134                USBD_FS_DeviceDescriptor
 .text.USBD_FS_LangIDStrDescriptor
                0x0800a140        0xc Application\User\usbd_desc.o
                0x0800a140                USBD_FS_LangIDStrDescriptor
 .text.IntToUnicode
                0x0800a14c       0x2e Application\User\usbd_desc.o
 *fill*         0x0800a17a        0x2 
 .text.USBD_FS_SerialStrDescriptor
                0x0800a17c       0x40 Application\User\usbd_desc.o
                0x0800a17c                USBD_FS_SerialStrDescriptor
 .text.USBD_FS_ProductStrDescriptor
                0x0800a1bc       0x18 Application\User\usbd_desc.o
                0x0800a1bc                USBD_FS_ProductStrDescriptor
 .text.USBD_FS_ManufacturerStrDescriptor
                0x0800a1d4       0x1c Application\User\usbd_desc.o
                0x0800a1d4                USBD_FS_ManufacturerStrDescriptor
 .text.USBD_FS_ConfigStrDescriptor
                0x0800a1f0       0x18 Application\User\usbd_desc.o
                0x0800a1f0                USBD_FS_ConfigStrDescriptor
 .text.USBD_FS_InterfaceStrDescriptor
                0x0800a208       0x18 Application\User\usbd_desc.o
                0x0800a208                USBD_FS_InterfaceStrDescriptor
 .text.SystemInit
                0x0800a220       0x40 Drivers\CMSIS\system_stm32f2xx.o
                0x0800a220                SystemInit
 .text.HAL_InitTick
                0x0800a260       0x2c Drivers\STM32F2xx_HAL_Driver\stm32f2xx_hal.o
                0x0800a260                HAL_InitTick
 .text.HAL_Init
                0x0800a28c       0x34 Drivers\STM32F2xx_HAL_Driver\stm32f2xx_hal.o
                0x0800a28c                HAL_Init
 .text.HAL_IncTick
                0x0800a2c0       0x10 Drivers\STM32F2xx_HAL_Driver\stm32f2xx_hal.o
                0x0800a2c0                HAL_IncTick
 .text.HAL_GetTick
                0x0800a2d0        0xc Drivers\STM32F2xx_HAL_Driver\stm32f2xx_hal.o
                0x0800a2d0                HAL_GetTick
 .text.HAL_Delay
                0x0800a2dc       0x24 Drivers\STM32F2xx_HAL_Driver\stm32f2xx_hal.o
                0x0800a2dc                HAL_Delay
 .text.HAL_NVIC_SetPriorityGrouping
                0x0800a300       0x24 Drivers\STM32F2xx_HAL_Driver\stm32f2xx_hal_cortex.o
                0x0800a300                HAL_NVIC_SetPriorityGrouping
 .text.HAL_NVIC_SetPriority
                0x0800a324       0x60 Drivers\STM32F2xx_HAL_Driver\stm32f2xx_hal_cortex.o
                0x0800a324                HAL_NVIC_SetPriority
 .text.HAL_NVIC_EnableIRQ
                0x0800a384       0x18 Drivers\STM32F2xx_HAL_Driver\stm32f2xx_hal_cortex.o
                0x0800a384                HAL_NVIC_EnableIRQ
 .text.HAL_NVIC_DisableIRQ
                0x0800a39c       0x1c Drivers\STM32F2xx_HAL_Driver\stm32f2xx_hal_cortex.o
                0x0800a39c                HAL_NVIC_DisableIRQ
 .text.HAL_SYSTICK_Config
                0x0800a3b8       0x2c Drivers\STM32F2xx_HAL_Driver\stm32f2xx_hal_cortex.o
                0x0800a3b8                HAL_SYSTICK_Config
 .text.HAL_CRC_Init
                0x0800a3e4       0x22 Drivers\STM32F2xx_HAL_Driver\stm32f2xx_hal_crc.o
                0x0800a3e4                HAL_CRC_Init
 *fill*         0x0800a406        0x2 
 .text.FLASH_Program_DoubleWord
                0x0800a408       0x28 Drivers\STM32F2xx_HAL_Driver\stm32f2xx_hal_flash.o
 .text.FLASH_Program_Word
                0x0800a430       0x24 Drivers\STM32F2xx_HAL_Driver\stm32f2xx_hal_flash.o
 .text.FLASH_Program_HalfWord
                0x0800a454       0x24 Drivers\STM32F2xx_HAL_Driver\stm32f2xx_hal_flash.o
 .text.FLASH_SetErrorCode
                0x0800a478       0x8c Drivers\STM32F2xx_HAL_Driver\stm32f2xx_hal_flash.o
 .text.HAL_FLASH_Unlock
                0x0800a504       0x24 Drivers\STM32F2xx_HAL_Driver\stm32f2xx_hal_flash.o
                0x0800a504                HAL_FLASH_Unlock
 .text.HAL_FLASH_Lock
                0x0800a528       0x14 Drivers\STM32F2xx_HAL_Driver\stm32f2xx_hal_flash.o
                0x0800a528                HAL_FLASH_Lock
 .text.FLASH_WaitForLastOperation
                0x0800a53c       0x64 Drivers\STM32F2xx_HAL_Driver\stm32f2xx_hal_flash.o
                0x0800a53c                FLASH_WaitForLastOperation
 .text.HAL_FLASH_Program
                0x0800a5a0       0x98 Drivers\STM32F2xx_HAL_Driver\stm32f2xx_hal_flash.o
                0x0800a5a0                HAL_FLASH_Program
 .text.FLASH_MassErase
                0x0800a638       0x24 Drivers\STM32F2xx_HAL_Driver\stm32f2xx_hal_flash_ex.o
 .text.FLASH_Erase_Sector
                0x0800a65c       0x58 Drivers\STM32F2xx_HAL_Driver\stm32f2xx_hal_flash_ex.o
                0x0800a65c                FLASH_Erase_Sector
 .text.FLASH_FlushCaches
                0x0800a6b4       0x60 Drivers\STM32F2xx_HAL_Driver\stm32f2xx_hal_flash_ex.o
                0x0800a6b4                FLASH_FlushCaches
 .text.HAL_FLASHEx_Erase
                0x0800a714       0xa8 Drivers\STM32F2xx_HAL_Driver\stm32f2xx_hal_flash_ex.o
                0x0800a714                HAL_FLASHEx_Erase
 .text.HAL_GPIO_Init
                0x0800a7bc      0x1d8 Drivers\STM32F2xx_HAL_Driver\stm32f2xx_hal_gpio.o
                0x0800a7bc                HAL_GPIO_Init
 .text.HAL_GPIO_DeInit
                0x0800a994      0x138 Drivers\STM32F2xx_HAL_Driver\stm32f2xx_hal_gpio.o
                0x0800a994                HAL_GPIO_DeInit
 .text.HAL_GPIO_ReadPin
                0x0800aacc        0xc Drivers\STM32F2xx_HAL_Driver\stm32f2xx_hal_gpio.o
                0x0800aacc                HAL_GPIO_ReadPin
 .text.HAL_GPIO_WritePin
                0x0800aad8        0xc Drivers\STM32F2xx_HAL_Driver\stm32f2xx_hal_gpio.o
                0x0800aad8                HAL_GPIO_WritePin
 .text.HAL_IWDG_Init
                0x0800aae4       0x4a Drivers\STM32F2xx_HAL_Driver\stm32f2xx_hal_iwdg.o
                0x0800aae4                HAL_IWDG_Init
 .text.HAL_IWDG_Refresh
                0x0800ab2e        0xc Drivers\STM32F2xx_HAL_Driver\stm32f2xx_hal_iwdg.o
                0x0800ab2e                HAL_IWDG_Refresh
 .text.HAL_PCD_Init
                0x0800ab3a       0xcc Drivers\STM32F2xx_HAL_Driver\stm32f2xx_hal_pcd.o
                0x0800ab3a                HAL_PCD_Init
 .text.HAL_PCD_Start
                0x0800ac06       0x2a Drivers\STM32F2xx_HAL_Driver\stm32f2xx_hal_pcd.o
                0x0800ac06                HAL_PCD_Start
 .text.HAL_PCD_IRQHandler
                0x0800ac30      0x61c Drivers\STM32F2xx_HAL_Driver\stm32f2xx_hal_pcd.o
                0x0800ac30                HAL_PCD_IRQHandler
 .text.HAL_PCD_SetAddress
                0x0800b24c       0x24 Drivers\STM32F2xx_HAL_Driver\stm32f2xx_hal_pcd.o
                0x0800b24c                HAL_PCD_SetAddress
 .text.HAL_PCD_EP_Open
                0x0800b270       0x82 Drivers\STM32F2xx_HAL_Driver\stm32f2xx_hal_pcd.o
                0x0800b270                HAL_PCD_EP_Open
 .text.HAL_PCD_EP_Close
                0x0800b2f2       0x48 Drivers\STM32F2xx_HAL_Driver\stm32f2xx_hal_pcd.o
                0x0800b2f2                HAL_PCD_EP_Close
 .text.HAL_PCD_EP_Receive
                0x0800b33a       0x5a Drivers\STM32F2xx_HAL_Driver\stm32f2xx_hal_pcd.o
                0x0800b33a                HAL_PCD_EP_Receive
 .text.HAL_PCD_EP_GetRxCount
                0x0800b394       0x12 Drivers\STM32F2xx_HAL_Driver\stm32f2xx_hal_pcd.o
                0x0800b394                HAL_PCD_EP_GetRxCount
 .text.HAL_PCD_EP_Transmit
                0x0800b3a6       0x52 Drivers\STM32F2xx_HAL_Driver\stm32f2xx_hal_pcd.o
                0x0800b3a6                HAL_PCD_EP_Transmit
 .text.HAL_PCD_EP_SetStall
                0x0800b3f8       0x66 Drivers\STM32F2xx_HAL_Driver\stm32f2xx_hal_pcd.o
                0x0800b3f8                HAL_PCD_EP_SetStall
 .text.HAL_PCD_EP_ClrStall
                0x0800b45e       0x56 Drivers\STM32F2xx_HAL_Driver\stm32f2xx_hal_pcd.o
                0x0800b45e                HAL_PCD_EP_ClrStall
 .text.HAL_PCDEx_SetTxFiFo
                0x0800b4b4       0x4a Drivers\STM32F2xx_HAL_Driver\stm32f2xx_hal_pcd_ex.o
                0x0800b4b4                HAL_PCDEx_SetTxFiFo
 .text.HAL_PCDEx_SetRxFiFo
                0x0800b4fe        0x8 Drivers\STM32F2xx_HAL_Driver\stm32f2xx_hal_pcd_ex.o
                0x0800b4fe                HAL_PCDEx_SetRxFiFo
 *fill*         0x0800b506        0x2 
 .text.HAL_RCC_OscConfig
                0x0800b508      0x348 Drivers\STM32F2xx_HAL_Driver\stm32f2xx_hal_rcc.o
                0x0800b508                HAL_RCC_OscConfig
 .text.HAL_RCC_GetSysClockFreq
                0x0800b850       0xa4 Drivers\STM32F2xx_HAL_Driver\stm32f2xx_hal_rcc.o
                0x0800b850                HAL_RCC_GetSysClockFreq
 .text.HAL_RCC_ClockConfig
                0x0800b8f4      0x174 Drivers\STM32F2xx_HAL_Driver\stm32f2xx_hal_rcc.o
                0x0800b8f4                HAL_RCC_ClockConfig
 .text.HAL_RCC_GetHCLKFreq
                0x0800ba68        0xc Drivers\STM32F2xx_HAL_Driver\stm32f2xx_hal_rcc.o
                0x0800ba68                HAL_RCC_GetHCLKFreq
 .text.HAL_RCC_GetPCLK1Freq
                0x0800ba74       0x30 Drivers\STM32F2xx_HAL_Driver\stm32f2xx_hal_rcc.o
                0x0800ba74                HAL_RCC_GetPCLK1Freq
 .text.HAL_RCC_GetPCLK2Freq
                0x0800baa4       0x30 Drivers\STM32F2xx_HAL_Driver\stm32f2xx_hal_rcc.o
                0x0800baa4                HAL_RCC_GetPCLK2Freq
 .text.HAL_RCCEx_PeriphCLKConfig
                0x0800bad4      0x174 Drivers\STM32F2xx_HAL_Driver\stm32f2xx_hal_rcc_ex.o
                0x0800bad4                HAL_RCCEx_PeriphCLKConfig
 .text.HAL_RTC_WaitForSynchro
                0x0800bc48       0x32 Drivers\STM32F2xx_HAL_Driver\stm32f2xx_hal_rtc.o
                0x0800bc48                HAL_RTC_WaitForSynchro
 .text.RTC_EnterInitMode
                0x0800bc7a       0x3c Drivers\STM32F2xx_HAL_Driver\stm32f2xx_hal_rtc.o
                0x0800bc7a                RTC_EnterInitMode
 .text.HAL_RTC_Init
                0x0800bcb6       0xb6 Drivers\STM32F2xx_HAL_Driver\stm32f2xx_hal_rtc.o
                0x0800bcb6                HAL_RTC_Init
 .text.TIM_OC1_SetConfig
                0x0800bd6c       0x58 Drivers\STM32F2xx_HAL_Driver\stm32f2xx_hal_tim.o
 .text.TIM_OC3_SetConfig
                0x0800bdc4       0x60 Drivers\STM32F2xx_HAL_Driver\stm32f2xx_hal_tim.o
 .text.TIM_OC4_SetConfig
                0x0800be24       0x50 Drivers\STM32F2xx_HAL_Driver\stm32f2xx_hal_tim.o
 .text.HAL_TIM_ConfigClockSource
                0x0800be74      0x1a4 Drivers\STM32F2xx_HAL_Driver\stm32f2xx_hal_tim.o
                0x0800be74                HAL_TIM_ConfigClockSource
 .text.TIM_Base_SetConfig
                0x0800c018       0xe4 Drivers\STM32F2xx_HAL_Driver\stm32f2xx_hal_tim.o
                0x0800c018                TIM_Base_SetConfig
 .text.HAL_TIM_Base_Init
                0x0800c0fc       0x32 Drivers\STM32F2xx_HAL_Driver\stm32f2xx_hal_tim.o
                0x0800c0fc                HAL_TIM_Base_Init
 .text.HAL_TIM_PWM_Init
                0x0800c12e       0x32 Drivers\STM32F2xx_HAL_Driver\stm32f2xx_hal_tim.o
                0x0800c12e                HAL_TIM_PWM_Init
 .text.TIM_OC2_SetConfig
                0x0800c160       0x60 Drivers\STM32F2xx_HAL_Driver\stm32f2xx_hal_tim.o
                0x0800c160                TIM_OC2_SetConfig
 .text.HAL_TIM_PWM_ConfigChannel
                0x0800c1c0       0xdc Drivers\STM32F2xx_HAL_Driver\stm32f2xx_hal_tim.o
                0x0800c1c0                HAL_TIM_PWM_ConfigChannel
 .text.TIM_CCxChannelCmd
                0x0800c29c       0x1a Drivers\STM32F2xx_HAL_Driver\stm32f2xx_hal_tim.o
                0x0800c29c                TIM_CCxChannelCmd
 *fill*         0x0800c2b6        0x2 
 .text.HAL_TIM_PWM_Start_IT
                0x0800c2b8       0x7c Drivers\STM32F2xx_HAL_Driver\stm32f2xx_hal_tim.o
                0x0800c2b8                HAL_TIM_PWM_Start_IT
 .text.HAL_TIMEx_MasterConfigSynchronization
                0x0800c334       0x52 Drivers\STM32F2xx_HAL_Driver\stm32f2xx_hal_tim_ex.o
                0x0800c334                HAL_TIMEx_MasterConfigSynchronization
 .text.HAL_TIMEx_ConfigBreakDeadTime
                0x0800c386       0x52 Drivers\STM32F2xx_HAL_Driver\stm32f2xx_hal_tim_ex.o
                0x0800c386                HAL_TIMEx_ConfigBreakDeadTime
 .text.UART_SetConfig
                0x0800c3d8      0x32c Drivers\STM32F2xx_HAL_Driver\stm32f2xx_hal_uart.o
 .text.HAL_UART_Init
                0x0800c704       0x5e Drivers\STM32F2xx_HAL_Driver\stm32f2xx_hal_uart.o
                0x0800c704                HAL_UART_Init
 .text.HAL_UART_DeInit
                0x0800c762       0x26 Drivers\STM32F2xx_HAL_Driver\stm32f2xx_hal_uart.o
                0x0800c762                HAL_UART_DeInit
 .text.USB_CoreInit
                0x0800c788       0x7c Drivers\STM32F2xx_HAL_Driver\stm32f2xx_ll_usb.o
                0x0800c788                USB_CoreInit
 .text.USB_EnableGlobalInt
                0x0800c804        0xc Drivers\STM32F2xx_HAL_Driver\stm32f2xx_ll_usb.o
                0x0800c804                USB_EnableGlobalInt
 .text.USB_DisableGlobalInt
                0x0800c810        0xc Drivers\STM32F2xx_HAL_Driver\stm32f2xx_ll_usb.o
                0x0800c810                USB_DisableGlobalInt
 .text.USB_SetCurrentMode
                0x0800c81c       0x2c Drivers\STM32F2xx_HAL_Driver\stm32f2xx_ll_usb.o
                0x0800c81c                USB_SetCurrentMode
 .text.USB_DevInit
                0x0800c848      0x158 Drivers\STM32F2xx_HAL_Driver\stm32f2xx_ll_usb.o
                0x0800c848                USB_DevInit
 .text.USB_FlushTxFifo
                0x0800c9a0       0x24 Drivers\STM32F2xx_HAL_Driver\stm32f2xx_ll_usb.o
                0x0800c9a0                USB_FlushTxFifo
 .text.USB_FlushRxFifo
                0x0800c9c4       0x20 Drivers\STM32F2xx_HAL_Driver\stm32f2xx_ll_usb.o
                0x0800c9c4                USB_FlushRxFifo
 .text.USB_SetDevSpeed
                0x0800c9e4        0xe Drivers\STM32F2xx_HAL_Driver\stm32f2xx_ll_usb.o
                0x0800c9e4                USB_SetDevSpeed
 .text.USB_GetDevSpeed
                0x0800c9f2       0x3e Drivers\STM32F2xx_HAL_Driver\stm32f2xx_ll_usb.o
                0x0800c9f2                USB_GetDevSpeed
 .text.USB_ActivateEndpoint
                0x0800ca30       0x8a Drivers\STM32F2xx_HAL_Driver\stm32f2xx_ll_usb.o
                0x0800ca30                USB_ActivateEndpoint
 .text.USB_DeactivateEndpoint
                0x0800caba       0x7a Drivers\STM32F2xx_HAL_Driver\stm32f2xx_ll_usb.o
                0x0800caba                USB_DeactivateEndpoint
 .text.USB_EPStartXfer
                0x0800cb34      0x20c Drivers\STM32F2xx_HAL_Driver\stm32f2xx_ll_usb.o
                0x0800cb34                USB_EPStartXfer
 .text.USB_EP0StartXfer
                0x0800cd40      0x134 Drivers\STM32F2xx_HAL_Driver\stm32f2xx_ll_usb.o
                0x0800cd40                USB_EP0StartXfer
 .text.USB_WritePacket
                0x0800ce74       0x2a Drivers\STM32F2xx_HAL_Driver\stm32f2xx_ll_usb.o
                0x0800ce74                USB_WritePacket
 .text.USB_ReadPacket
                0x0800ce9e       0x2a Drivers\STM32F2xx_HAL_Driver\stm32f2xx_ll_usb.o
                0x0800ce9e                USB_ReadPacket
 .text.USB_EPSetStall
                0x0800cec8       0x50 Drivers\STM32F2xx_HAL_Driver\stm32f2xx_ll_usb.o
                0x0800cec8                USB_EPSetStall
 .text.USB_EPClearStall
                0x0800cf18       0x5a Drivers\STM32F2xx_HAL_Driver\stm32f2xx_ll_usb.o
                0x0800cf18                USB_EPClearStall
 .text.USB_SetDevAddress
                0x0800cf72       0x20 Drivers\STM32F2xx_HAL_Driver\stm32f2xx_ll_usb.o
                0x0800cf72                USB_SetDevAddress
 .text.USB_DevConnect
                0x0800cf92       0x18 Drivers\STM32F2xx_HAL_Driver\stm32f2xx_ll_usb.o
                0x0800cf92                USB_DevConnect
 .text.USB_DevDisconnect
                0x0800cfaa       0x18 Drivers\STM32F2xx_HAL_Driver\stm32f2xx_ll_usb.o
                0x0800cfaa                USB_DevDisconnect
 .text.USB_ReadInterrupts
                0x0800cfc2        0x8 Drivers\STM32F2xx_HAL_Driver\stm32f2xx_ll_usb.o
                0x0800cfc2                USB_ReadInterrupts
 .text.USB_ReadDevAllOutEpInterrupt
                0x0800cfca       0x10 Drivers\STM32F2xx_HAL_Driver\stm32f2xx_ll_usb.o
                0x0800cfca                USB_ReadDevAllOutEpInterrupt
 .text.USB_ReadDevAllInEpInterrupt
                0x0800cfda       0x10 Drivers\STM32F2xx_HAL_Driver\stm32f2xx_ll_usb.o
                0x0800cfda                USB_ReadDevAllInEpInterrupt
 .text.USB_ReadDevOutEPInterrupt
                0x0800cfea       0x14 Drivers\STM32F2xx_HAL_Driver\stm32f2xx_ll_usb.o
                0x0800cfea                USB_ReadDevOutEPInterrupt
 .text.USB_ReadDevInEPInterrupt
                0x0800cffe       0x22 Drivers\STM32F2xx_HAL_Driver\stm32f2xx_ll_usb.o
                0x0800cffe                USB_ReadDevInEPInterrupt
 .text.USB_GetMode
                0x0800d020        0x8 Drivers\STM32F2xx_HAL_Driver\stm32f2xx_ll_usb.o
                0x0800d020                USB_GetMode
 .text.USB_ActivateSetup
                0x0800d028       0x38 Drivers\STM32F2xx_HAL_Driver\stm32f2xx_ll_usb.o
                0x0800d028                USB_ActivateSetup
 .text.USB_EP0_OutStart
                0x0800d060       0x44 Drivers\STM32F2xx_HAL_Driver\stm32f2xx_ll_usb.o
                0x0800d060                USB_EP0_OutStart
 .text.USB_CoreReset
                0x0800d0a4       0x34 Drivers\STM32F2xx_HAL_Driver\stm32f2xx_ll_usb.o
 .text.USBD_CDC_DataIn
                0x0800d0d8       0x12 Middlewares\USB_Device_Library\usbd_cdc.o
 .text.USBD_CDC_EP0_RxReady
                0x0800d0ea       0x28 Middlewares\USB_Device_Library\usbd_cdc.o
 *fill*         0x0800d112        0x2 
 .text.USBD_CDC_GetFSCfgDesc
                0x0800d114        0xc Middlewares\USB_Device_Library\usbd_cdc.o
 .text.USBD_CDC_GetHSCfgDesc
                0x0800d120        0xc Middlewares\USB_Device_Library\usbd_cdc.o
 .text.USBD_CDC_GetOtherSpeedCfgDesc
                0x0800d12c        0xc Middlewares\USB_Device_Library\usbd_cdc.o
 .text.USBD_CDC_GetDeviceQualifierDescriptor
                0x0800d138        0xc Middlewares\USB_Device_Library\usbd_cdc.o
                0x0800d138                USBD_CDC_GetDeviceQualifierDescriptor
 .text.USBD_CDC_DataOut
                0x0800d144       0x2e Middlewares\USB_Device_Library\usbd_cdc.o
 *fill*         0x0800d172        0x2 
 .text.USBD_CDC_Setup
                0x0800d174       0x74 Middlewares\USB_Device_Library\usbd_cdc.o
 .text.USBD_CDC_DeInit
                0x0800d1e8       0x3a Middlewares\USB_Device_Library\usbd_cdc.o
 .text.USBD_CDC_Init
                0x0800d222       0x96 Middlewares\USB_Device_Library\usbd_cdc.o
 .text.USBD_CDC_RegisterInterface
                0x0800d2b8        0xe Middlewares\USB_Device_Library\usbd_cdc.o
                0x0800d2b8                USBD_CDC_RegisterInterface
 .text.USBD_CDC_SetTxBuffer
                0x0800d2c6       0x10 Middlewares\USB_Device_Library\usbd_cdc.o
                0x0800d2c6                USBD_CDC_SetTxBuffer
 .text.USBD_CDC_SetRxBuffer
                0x0800d2d6        0xc Middlewares\USB_Device_Library\usbd_cdc.o
                0x0800d2d6                USBD_CDC_SetRxBuffer
 .text.USBD_CDC_ReceivePacket
                0x0800d2e2       0x32 Middlewares\USB_Device_Library\usbd_cdc.o
                0x0800d2e2                USBD_CDC_ReceivePacket
 .text.USBD_Init
                0x0800d314       0x2e Middlewares\USB_Device_Library\usbd_core.o
                0x0800d314                USBD_Init
 .text.USBD_RegisterClass
                0x0800d342        0xe Middlewares\USB_Device_Library\usbd_core.o
                0x0800d342                USBD_RegisterClass
 .text.USBD_Start
                0x0800d350        0xa Middlewares\USB_Device_Library\usbd_core.o
                0x0800d350                USBD_Start
 .text.USBD_SetClassConfig
                0x0800d35a       0x1a Middlewares\USB_Device_Library\usbd_core.o
                0x0800d35a                USBD_SetClassConfig
 .text.USBD_ClrClassConfig
                0x0800d374        0xe Middlewares\USB_Device_Library\usbd_core.o
                0x0800d374                USBD_ClrClassConfig
 .text.USBD_LL_SetupStage
                0x0800d382       0x5a Middlewares\USB_Device_Library\usbd_core.o
                0x0800d382                USBD_LL_SetupStage
 .text.USBD_LL_DataOutStage
                0x0800d3dc       0x6a Middlewares\USB_Device_Library\usbd_core.o
                0x0800d3dc                USBD_LL_DataOutStage
 .text.USBD_LL_DataInStage
                0x0800d446       0xb2 Middlewares\USB_Device_Library\usbd_core.o
                0x0800d446                USBD_LL_DataInStage
 .text.USBD_LL_Reset
                0x0800d4f8       0x3e Middlewares\USB_Device_Library\usbd_core.o
                0x0800d4f8                USBD_LL_Reset
 .text.USBD_LL_SetSpeed
                0x0800d536        0x6 Middlewares\USB_Device_Library\usbd_core.o
                0x0800d536                USBD_LL_SetSpeed
 .text.USBD_LL_Suspend
                0x0800d53c       0x12 Middlewares\USB_Device_Library\usbd_core.o
                0x0800d53c                USBD_LL_Suspend
 .text.USBD_LL_Resume
                0x0800d54e        0xc Middlewares\USB_Device_Library\usbd_core.o
                0x0800d54e                USBD_LL_Resume
 .text.USBD_LL_SOF
                0x0800d55a       0x1c Middlewares\USB_Device_Library\usbd_core.o
                0x0800d55a                USBD_LL_SOF
 .text.USBD_LL_IsoINIncomplete
                0x0800d576        0x4 Middlewares\USB_Device_Library\usbd_core.o
                0x0800d576                USBD_LL_IsoINIncomplete
 .text.USBD_LL_IsoOUTIncomplete
                0x0800d57a        0x4 Middlewares\USB_Device_Library\usbd_core.o
                0x0800d57a                USBD_LL_IsoOUTIncomplete
 .text.USBD_LL_DevConnected
                0x0800d57e        0x4 Middlewares\USB_Device_Library\usbd_core.o
                0x0800d57e                USBD_LL_DevConnected
 .text.USBD_LL_DevDisconnected
                0x0800d582       0x16 Middlewares\USB_Device_Library\usbd_core.o
                0x0800d582                USBD_LL_DevDisconnected
 .text.USBD_ParseSetupRequest
                0x0800d598       0x28 Middlewares\USB_Device_Library\usbd_ctlreq.o
                0x0800d598                USBD_ParseSetupRequest
 .text.USBD_CtlError
                0x0800d5c0       0x14 Middlewares\USB_Device_Library\usbd_ctlreq.o
                0x0800d5c0                USBD_CtlError
 .text.USBD_StdDevReq
                0x0800d5d4      0x2f0 Middlewares\USB_Device_Library\usbd_ctlreq.o
                0x0800d5d4                USBD_StdDevReq
 .text.USBD_StdItfReq
                0x0800d8c4       0x38 Middlewares\USB_Device_Library\usbd_ctlreq.o
                0x0800d8c4                USBD_StdItfReq
 .text.USBD_StdEPReq
                0x0800d8fc      0x106 Middlewares\USB_Device_Library\usbd_ctlreq.o
                0x0800d8fc                USBD_StdEPReq
 .text.USBD_GetString
                0x0800da02       0x44 Middlewares\USB_Device_Library\usbd_ctlreq.o
                0x0800da02                USBD_GetString
 .text.USBD_CtlSendData
                0x0800da46       0x1a Middlewares\USB_Device_Library\usbd_ioreq.o
                0x0800da46                USBD_CtlSendData
 .text.USBD_CtlContinueSendData
                0x0800da60       0x10 Middlewares\USB_Device_Library\usbd_ioreq.o
                0x0800da60                USBD_CtlContinueSendData
 .text.USBD_CtlPrepareRx
                0x0800da70       0x1e Middlewares\USB_Device_Library\usbd_ioreq.o
                0x0800da70                USBD_CtlPrepareRx
 .text.USBD_CtlContinueRx
                0x0800da8e       0x10 Middlewares\USB_Device_Library\usbd_ioreq.o
                0x0800da8e                USBD_CtlContinueRx
 .text.USBD_CtlSendStatus
                0x0800da9e       0x16 Middlewares\USB_Device_Library\usbd_ioreq.o
                0x0800da9e                USBD_CtlSendStatus
 .text.USBD_CtlReceiveStatus
                0x0800dab4       0x16 Middlewares\USB_Device_Library\usbd_ioreq.o
                0x0800dab4                USBD_CtlReceiveStatus
 *fill*         0x0800daca        0x2 
 .text.MainTimer_Callback
                0x0800dacc      0x120 applic\application.o
                0x0800dacc                MainTimer_Callback
 .text.Application_Poll
                0x0800dbec       0x4c applic\application.o
                0x0800dbec                Application_Poll
 .text.Application_Run
                0x0800dc38       0xb4 applic\application.o
                0x0800dc38                Application_Run
 .text.Board_RequestUpgrade
                0x0800dcec       0x10 applic\board.o
                0x0800dcec                Board_RequestUpgrade
 .text.GPIO_SetInput
                0x0800dcfc       0x22 applic\board.o
                0x0800dcfc                GPIO_SetInput
 .text.GPIO_SetOutput
                0x0800dd1e       0x1e applic\board.o
                0x0800dd1e                GPIO_SetOutput
 .text.Board_GetHWRev
                0x0800dd3c       0x30 applic\board.o
                0x0800dd3c                Board_GetHWRev
 .text.Board_GetDipSwitch
                0x0800dd6c       0x60 applic\board.o
                0x0800dd6c                Board_GetDipSwitch
 .text.Buzzer_Beep
                0x0800ddcc       0x10 applic\buzzer.o
                0x0800ddcc                Buzzer_Beep
 .text.Buzzer_OnTick
                0x0800dddc       0x34 applic\buzzer.o
                0x0800dddc                Buzzer_OnTick
 .text.checksum
                0x0800de10       0x20 applic\dati.o
                0x0800de10                checksum
 .text.Dati_LoadDefaultParameters
                0x0800de30       0x2c applic\dati.o
                0x0800de30                Dati_LoadDefaultParameters
 .text.Dati_Save
                0x0800de5c       0x6c applic\dati.o
                0x0800de5c                Dati_Save
 .text.Dati_Load
                0x0800dec8       0x3c applic\dati.o
                0x0800dec8                Dati_Load
 .text.Dati_Init
                0x0800df04       0x28 applic\dati.o
                0x0800df04                Dati_Init
 .text.Display_Init
                0x0800df2c       0x14 applic\display.o
                0x0800df2c                Display_Init
 .text.simwrby  0x0800df40       0x74 applic\display.o
                0x0800df40                simwrby
 .text.simrdby  0x0800dfb4       0x70 applic\display.o
                0x0800dfb4                simrdby
 .text.sim_reset
                0x0800e024     0x629c applic\display.o
                0x0800e024                sim_reset
 .text.gcursor_width
                0x080142c0       0x40 applic\glcd\common\gfcursor.o
                0x080142c0                gcursor_width
 .text.gcursor_height
                0x08014300       0x40 applic\glcd\common\gfcursor.o
                0x08014300                gcursor_height
 .text.gi_cursor
                0x08014340       0x88 applic\glcd\common\gfcursor.o
                0x08014340                gi_cursor
 .text.gfgetfh  0x080143c8       0x10 applic\glcd\common\gfgeth.o
                0x080143c8                gfgetfh
 .text.ggetfw   0x080143d8       0x1c applic\glcd\common\gfgetw.o
                0x080143d8                ggetfw
 .text.gi_process_newline
                0x080143f4       0x80 applic\glcd\common\gfputch.o
                0x080143f4                gi_process_newline
 .text.gi_put_prepare
                0x08014474       0x30 applic\glcd\common\gfputch.o
                0x08014474                gi_put_prepare
 .text.gi_put_complete
                0x080144a4       0xb8 applic\glcd\common\gfputch.o
                0x080144a4                gi_put_complete
 .text.gi_tabstep
                0x0801455c       0x34 applic\glcd\common\gfputch.o
                0x0801455c                gi_tabstep
 .text.gi_putch
                0x08014590      0x114 applic\glcd\common\gfputch.o
                0x08014590                gi_putch
 .text.gputchw  0x080146a4       0x50 applic\glcd\common\gfputch.o
                0x080146a4                gputchw
 .text.gselfont
                0x080146f4       0x88 applic\glcd\common\gfsel.o
                0x080146f4                gselfont
 .text.gsetpos  0x0801477c       0x58 applic\glcd\common\gfsetp.o
                0x0801477c                gsetpos
 .text.gi_getsymbol
                0x080147d4       0x90 applic\glcd\common\gfsymw.o
                0x080147d4                gi_getsymbol
 .text.gi_getsymw
                0x08014864       0x28 applic\glcd\common\gfsymw.o
                0x08014864                gi_getsymw
 .text.ggetxpos
                0x0801488c       0x18 applic\glcd\common\gggetxyp.o
                0x0801488c                ggetxpos
 .text.ggetypos
                0x080148a4       0x18 applic\glcd\common\gggetxyp.o
                0x080148a4                ggetypos
 .text.gmoveto  0x080148bc       0x24 applic\glcd\common\ggline.o
                0x080148bc                gmoveto
 .text.gi_line  0x080148e0      0x124 applic\glcd\common\ggline.o
                0x080148e0                gi_line
 .text.glineto  0x08014a04       0x8c applic\glcd\common\ggline.o
                0x08014a04                glineto
 .text.gsetpixel
                0x08014a90       0x54 applic\glcd\common\ggpixel.o
                0x08014a90                gsetpixel
 .text.gi_putsymbol
                0x08014ae4       0xac applic\glcd\common\giputsym.o
                0x08014ae4                gi_putsymbol
 .text.gi_strlen
                0x08014b90       0xe8 applic\glcd\common\gslen.o
                0x08014b90                gi_strlen
 .text.gi_sizestrseg
                0x08014c78      0x208 applic\glcd\common\gsputs.o
 .text.gputs    0x08014e80      0x304 applic\glcd\common\gsputs.o
                0x08014e80                gputs
 .text.gputsym  0x08015184       0x54 applic\glcd\common\gsymput.o
                0x08015184                gputsym
 .text.gclrvp   0x080151d8       0x7c applic\glcd\common\gvpclr.o
                0x080151d8                gclrvp
 .text.gi_calcdatacheck
                0x08015254       0x10 applic\glcd\common\gvpinit.o
                0x08015254                gi_calcdatacheck
 .text.gi_resetvp
                0x08015264       0x50 applic\glcd\common\gvpinit.o
                0x08015264                gi_resetvp
 .text.ginit    0x080152b4       0x4c applic\glcd\common\gvpinit.o
                0x080152b4                ginit
 .text.gi_datacheck
                0x08015300       0x28 applic\glcd\common\gvpinit.o
                0x08015300                gi_datacheck
 .text.gi_setmode
                0x08015328       0x1c applic\glcd\common\gvpmode.o
                0x08015328                gi_setmode
 .text.ghw_io_init
                0x08015344        0x8 applic\glcd\ks07xx\cfgio\ghwioini.o
                0x08015344                ghw_io_init
 .text.ghw_fill
                0x0801534c      0x134 applic\glcd\ks07xx\ghwfill.o
                0x0801534c                ghw_fill
 .text.ghw_gscroll
                0x08015480      0x2b0 applic\glcd\ks07xx\ghwgscrl.o
                0x08015480                ghw_gscroll
 .text.ghw_sta  0x08015730        0xa applic\glcd\ks07xx\ghwinit.o
                0x08015730                ghw_sta
 .text.ghw_cmd  0x0801573a        0xc applic\glcd\ks07xx\ghwinit.o
                0x0801573a                ghw_cmd
 .text.ghw_cmdw
                0x08015746       0x16 applic\glcd\ks07xx\ghwinit.o
 .text.ghw_dcmd
                0x0801575c       0x16 applic\glcd\ks07xx\ghwinit.o
                0x0801575c                ghw_dcmd
 *fill*         0x08015772        0x2 
 .text.ghw_set_xypos
                0x08015774       0x54 applic\glcd\ks07xx\ghwinit.o
                0x08015774                ghw_set_xypos
 .text.ghw_wr   0x080157c8       0x2c applic\glcd\ks07xx\ghwinit.o
                0x080157c8                ghw_wr
 .text.ghw_auto_wr
                0x080157f4       0x18 applic\glcd\ks07xx\ghwinit.o
                0x080157f4                ghw_auto_wr
 .text.ghw_rd   0x0801580c       0x48 applic\glcd\ks07xx\ghwinit.o
                0x0801580c                ghw_rd
 .text.ghw_auto_rd_start
                0x08015854        0xa applic\glcd\ks07xx\ghwinit.o
                0x08015854                ghw_auto_rd_start
 *fill*         0x0801585e        0x2 
 .text.ghw_auto_rd
                0x08015860       0x18 applic\glcd\ks07xx\ghwinit.o
                0x08015860                ghw_auto_rd
 .text.ghw_buf_xwr
                0x08015878       0x30 applic\glcd\ks07xx\ghwinit.o
                0x08015878                ghw_buf_xwr
 .text.ghw_err  0x080158a8       0x10 applic\glcd\ks07xx\ghwinit.o
                0x080158a8                ghw_err
 .text.ghw_setcursor
                0x080158b8        0xc applic\glcd\ks07xx\ghwinit.o
                0x080158b8                ghw_setcursor
 .text.ghw_cont_set
                0x080158c4       0x2c applic\glcd\ks07xx\ghwinit.o
                0x080158c4                ghw_cont_set
 .text.ghw_init
                0x080158f0       0xf8 applic\glcd\ks07xx\ghwinit.o
                0x080158f0                ghw_init
 .text.ghw_invert
                0x080159e8       0xb0 applic\glcd\ks07xx\ghwinv.o
                0x080159e8                ghw_invert
 .text.ghw_setpixel
                0x08015a98       0x48 applic\glcd\ks07xx\ghwpixel.o
                0x08015a98                ghw_setpixel
 .text.ghw_lineh
                0x08015ae0       0x4c applic\glcd\ks07xx\ghwretgl.o
 .text.ghw_linev
                0x08015b2c       0x84 applic\glcd\ks07xx\ghwretgl.o
 .text.ghw_rectangle
                0x08015bb0       0xc8 applic\glcd\ks07xx\ghwretgl.o
                0x08015bb0                ghw_rectangle
 .text.ghw_wrsym
                0x08015c78      0x208 applic\glcd\ks07xx\ghwsymwr.o
                0x08015c78                ghw_wrsym
 .text.ModbusMaster_Init
                0x08015e80        0x2 applic\modbusMaster.o
                0x08015e80                ModbusMaster_Init
 *fill*         0x08015e82        0x2 
 .text.ModbusMaster_Send
                0x08015e84       0x28 applic\modbusMaster.o
                0x08015e84                ModbusMaster_Send
 .text.ModbusMaster_OnPacketReceive
                0x08015eac       0x24 applic\modbusMaster.o
                0x08015eac                ModbusMaster_OnPacketReceive
 .text.ModbusMaster_Poll
                0x08015ed0      0x1a0 applic\modbusMaster.o
                0x08015ed0                ModbusMaster_Poll
 .text.ModbusMaster_RequestRegisters
                0x08016070       0x44 applic\modbusMaster.o
                0x08016070                ModbusMaster_RequestRegisters
 .text.ModbusMaster_WriteRegisters
                0x080160b4       0x44 applic\modbusMaster.o
                0x080160b4                ModbusMaster_WriteRegisters
 .text.SetLanguage
                0x080160f8       0x38 applic\msg.o
                0x080160f8                SetLanguage
 .text.GetLanguage
                0x08016130        0xc applic\msg.o
                0x08016130                GetLanguage
 .text.PWM_Init
                0x0801613c       0x20 applic\pwm.o
                0x0801613c                PWM_Init
 .text.PWM_Set  0x0801615c       0x28 applic\pwm.o
                0x0801615c                PWM_Set
 .text.PWM_SetPercent
                0x08016184       0x3c applic\pwm.o
                0x08016184                PWM_SetPercent
 .text.Tastiera_Read
                0x080161c0       0x68 applic\tastiera.o
                0x080161c0                Tastiera_Read
 .text.Uart1_IRQHandler
                0x08016228       0xe0 applic\uart1.o
                0x08016228                Uart1_IRQHandler
 .text.Uart1_SendChar
                0x08016308       0x80 applic\uart1.o
                0x08016308                Uart1_SendChar
 .text.Uart1_Send
                0x08016388       0x28 applic\uart1.o
                0x08016388                Uart1_Send
 .text.Uart1_Init
                0x080163b0       0x84 applic\uart1.o
                0x080163b0                Uart1_Init
 .text.Uart1_RTOManagement
                0x08016434       0x4c applic\uart1.o
                0x08016434                Uart1_RTOManagement
 .text.Uart3_IRQHandler
                0x08016480       0xc4 applic\uart3.o
                0x08016480                Uart3_IRQHandler
 .text.Uart3_SendChar
                0x08016544       0x78 applic\uart3.o
                0x08016544                Uart3_SendChar
 .text.Uart3_Send
                0x080165bc       0x28 applic\uart3.o
                0x080165bc                Uart3_Send
 .text.Uart3_Init
                0x080165e4       0x7c applic\uart3.o
                0x080165e4                Uart3_Init
 .text.USB_OnRx
                0x08016660       0x54 applic\usb.o
                0x08016660                USB_OnRx
 .text.Crc16    0x080166b4       0x3c applic\utility.o
                0x080166b4                Crc16
 .text.Watchdog_Init
                0x080166f0       0x24 applic\watchdog.o
                0x080166f0                Watchdog_Init
 .text.Watchdog_Poll
                0x08016714       0x10 applic\watchdog.o
                0x08016714                Watchdog_Poll
 .text.Watchdog_OnTimer
                0x08016724       0x34 applic\watchdog.o
                0x08016724                Watchdog_OnTimer
 .text.Watchdog_ForcedReset
                0x08016758        0xc applic\watchdog.o
                0x08016758                Watchdog_ForcedReset
 .text.GCombo_Init
                0x08016764       0x34 applic\windows\GCombo.o
                0x08016764                GCombo_Init
 .text.GCombo_Run
                0x08016798       0x88 applic\windows\GCombo.o
                0x08016798                GCombo_Run
 .text.GCombo_Draw
                0x08016820       0x80 applic\windows\GCombo.o
                0x08016820                GCombo_Draw
 .text.gstRepeat
                0x080168a0       0x64 applic\windows\GEdit.o
 .text.GEdit_Init
                0x08016904       0xe8 applic\windows\GEdit.o
                0x08016904                GEdit_Init
 .text.GEdit_Run
                0x080169ec      0x504 applic\windows\GEdit.o
                0x080169ec                GEdit_Run
 .text.NumeroCaratteri
                0x08016ef0       0x4a applic\windows\GEdit.o
                0x08016ef0                NumeroCaratteri
 *fill*         0x08016f3a        0x2 
 .text.GEditRefresh
                0x08016f3c      0x22c applic\windows\GEdit.o
                0x08016f3c                GEditRefresh
 .text.GEdit_Draw
                0x08017168       0x34 applic\windows\GEdit.o
                0x08017168                GEdit_Draw
 .text.GMenu_Init
                0x0801719c       0xe8 applic\windows\GMenu.o
                0x0801719c                GMenu_Init
 .text.GMenu_Run
                0x08017284      0x194 applic\windows\GMenu.o
                0x08017284                GMenu_Run
 .text.GMenu_AddMono
                0x08017418       0x6c applic\windows\GMenu.o
                0x08017418                GMenu_AddMono
 .text.GMenu_AddShort
                0x08017484       0x70 applic\windows\GMenu.o
                0x08017484                GMenu_AddShort
 .text.GMenu_AddUShort
                0x080174f4       0x70 applic\windows\GMenu.o
                0x080174f4                GMenu_AddUShort
 .text.GMenu_AddString
                0x08017564       0x70 applic\windows\GMenu.o
                0x08017564                GMenu_AddString
 .text.GMenu_AddCombo
                0x080175d4       0x70 applic\windows\GMenu.o
                0x080175d4                GMenu_AddCombo
 .text.StrCpyMax
                0x08017644       0x2e applic\windows\GMenu.o
                0x08017644                StrCpyMax
 *fill*         0x08017672        0x2 
 .text.SetFont9
                0x08017674       0x10 applic\windows\GMenu.o
                0x08017674                SetFont9
 .text.GMenu_Draw
                0x08017684      0x468 applic\windows\GMenu.o
                0x08017684                GMenu_Draw
 .text.load     0x08017aec       0x28 applic\windows\winHourMeters.o
 .text.run      0x08017b14      0x138 applic\windows\winHourMeters.o
 .text.draw     0x08017c4c       0xf4 applic\windows\winHourMeters.o
 .text.run      0x08017d40       0x5c applic\windows\winInit.o
 .text.draw     0x08017d9c       0x28 applic\windows\winInit.o
 .text.load     0x08017dc4       0x9c applic\windows\winInit.o
 .text.gstRepeat
                0x08017e60       0x44 applic\windows\winMain.o
 .text.draw     0x08017ea4      0x948 applic\windows\winMain.o
 .text.load     0x080187ec       0x88 applic\windows\winMain.o
 .text.run      0x08018874      0x610 applic\windows\winMain.o
 .text.draw     0x08018e84       0x30 applic\windows\winMenu.o
 .text.menuLoad
                0x08018eb4      0xb98 applic\windows\winMenu.o
                0x08018eb4                menuLoad
 .text.run      0x08019a4c      0x32c applic\windows\winMenu.o
 .text.load     0x08019d78       0xb8 applic\windows\winMenu.o
 .text.load     0x08019e30       0x64 applic\windows\winOrologio.o
 .text.gstRepeat
                0x08019e94       0x44 applic\windows\winOrologio.o
 .text.run      0x08019ed8      0x2e8 applic\windows\winOrologio.o
 .text.draw     0x0801a1c0      0x26c applic\windows\winOrologio.o
 .text.load     0x0801a42c       0xc8 applic\windows\winProgram.o
 .text.gstRepeat
                0x0801a4f4       0x34 applic\windows\winProgram.o
 .text.run      0x0801a528      0x400 applic\windows\winProgram.o
 .text.draw     0x0801a928      0x408 applic\windows\winProgram.o
 .text.load     0x0801ad30       0x98 applic\windows\winProgramStrerilizer.o
 .text.gstRepeat
                0x0801adc8       0x34 applic\windows\winProgramStrerilizer.o
 .text.run      0x0801adfc      0x310 applic\windows\winProgramStrerilizer.o
 .text.draw     0x0801b10c      0x2b0 applic\windows\winProgramStrerilizer.o
 .text.load     0x0801b3bc       0x20 applic\windows\winSlaveSave.o
 .text.run      0x0801b3dc      0x1ac applic\windows\winSlaveSave.o
 .text.draw     0x0801b588       0x48 applic\windows\winSlaveSave.o
 .text.draw     0x0801b5d0        0x2 applic\windows\winSyncro.o
 *fill*         0x0801b5d2        0x2 
 .text.run      0x0801b5d4       0xf0 applic\windows\winSyncro.o
 .text.load     0x0801b6c4       0x1c applic\windows\winSyncro.o
 .text.load     0x0801b6e0       0x20 applic\windows\winTacho.o
 .text.run      0x0801b700       0x74 applic\windows\winTacho.o
 .text.draw     0x0801b774      0x104 applic\windows\winTacho.o
 .text.load     0x0801b878       0x28 applic\windows\winUpgrade.o
 .text.run      0x0801b8a0       0xbc applic\windows\winUpgrade.o
 .text.draw     0x0801b95c       0xb4 applic\windows\winUpgrade.o
 .text.Windows_puts
                0x0801ba10       0x18 applic\windows\windows.o
                0x0801ba10                Windows_puts
 .text.Windows_Write
                0x0801ba28       0x14 applic\windows\windows.o
                0x0801ba28                Windows_Write
 .text.Windows_PutImg
                0x0801ba3c       0x20 applic\windows\windows.o
                0x0801ba3c                Windows_PutImg
 .text.Windows_SetBacklight
                0x0801ba5c       0x16 applic\windows\windows.o
                0x0801ba5c                Windows_SetBacklight
 .text.Windows_SetContrast
                0x0801ba72        0xa applic\windows\windows.o
                0x0801ba72                Windows_SetContrast
 .text.Windows_Clear
                0x0801ba7c        0xe applic\windows\windows.o
                0x0801ba7c                Windows_Clear
 .text.Windows_StrLen
                0x0801ba8a        0xc applic\windows\windows.o
                0x0801ba8a                Windows_StrLen
 .text.Windows_CenteredWrite
                0x0801ba96       0x44 applic\windows\windows.o
                0x0801ba96                Windows_CenteredWrite
 *fill*         0x0801bada        0x2 
 .text.Windows_Load
                0x0801badc       0x28 applic\windows\windows.o
                0x0801badc                Windows_Load
 .text.Windows_Init
                0x0801bb04       0x44 applic\windows\windows.o
                0x0801bb04                Windows_Init
 .text.Windows_Draw
                0x0801bb48       0x20 applic\windows\windows.o
                0x0801bb48                Windows_Draw
 .text.Windows_Run
                0x0801bb68       0x20 applic\windows\windows.o
                0x0801bb68                Windows_Run
 .text.MainTimer_OnTick
                0x0801bb88       0x14 kernel\src\maintimer.o
                0x0801bb88                MainTimer_OnTick
 .text.MainTimer_GetValue
                0x0801bb9c        0xc kernel\src\maintimer.o
                0x0801bb9c                MainTimer_GetValue
 .text.atof     0x0801bba8        0x6 c:/program files (x86)/atollic/truestudio for stm32 9.0.0/armtools/bin/../lib/gcc/arm-atollic-eabi/6.3.1/../../../../arm-atollic-eabi/lib/armv7-m\libc_nano.a(lib_a-atof.o)
                0x0801bba8                atof
 .text.atoi     0x0801bbae        0x8 c:/program files (x86)/atollic/truestudio for stm32 9.0.0/armtools/bin/../lib/gcc/arm-atollic-eabi/6.3.1/../../../../arm-atollic-eabi/lib/armv7-m\libc_nano.a(lib_a-atoi.o)
                0x0801bbae                atoi
 *fill*         0x0801bbb6        0x2 
 .text.__errno  0x0801bbb8        0xc c:/program files (x86)/atollic/truestudio for stm32 9.0.0/armtools/bin/../lib/gcc/arm-atollic-eabi/6.3.1/../../../../arm-atollic-eabi/lib/armv7-m\libc_nano.a(lib_a-errno.o)
                0x0801bbb8                __errno
 .text.__libc_init_array
                0x0801bbc4       0x48 c:/program files (x86)/atollic/truestudio for stm32 9.0.0/armtools/bin/../lib/gcc/arm-atollic-eabi/6.3.1/../../../../arm-atollic-eabi/lib/armv7-m\libc_nano.a(lib_a-init.o)
                0x0801bbc4                __libc_init_array
 .text.__locale_ctype_ptr_l
                0x0801bc0c        0x6 c:/program files (x86)/atollic/truestudio for stm32 9.0.0/armtools/bin/../lib/gcc/arm-atollic-eabi/6.3.1/../../../../arm-atollic-eabi/lib/armv7-m\libc_nano.a(lib_a-locale.o)
                0x0801bc0c                __locale_ctype_ptr_l
 *fill*         0x0801bc12        0x2 
 .text.__locale_ctype_ptr
                0x0801bc14       0x1c c:/program files (x86)/atollic/truestudio for stm32 9.0.0/armtools/bin/../lib/gcc/arm-atollic-eabi/6.3.1/../../../../arm-atollic-eabi/lib/armv7-m\libc_nano.a(lib_a-locale.o)
                0x0801bc14                __locale_ctype_ptr
 .text.malloc   0x0801bc30       0x10 c:/program files (x86)/atollic/truestudio for stm32 9.0.0/armtools/bin/../lib/gcc/arm-atollic-eabi/6.3.1/../../../../arm-atollic-eabi/lib/armv7-m\libc_nano.a(lib_a-malloc.o)
                0x0801bc30                malloc
 .text.free     0x0801bc40       0x10 c:/program files (x86)/atollic/truestudio for stm32 9.0.0/armtools/bin/../lib/gcc/arm-atollic-eabi/6.3.1/../../../../arm-atollic-eabi/lib/armv7-m\libc_nano.a(lib_a-malloc.o)
                0x0801bc40                free
 .text.__ascii_mbtowc
                0x0801bc50       0x24 c:/program files (x86)/atollic/truestudio for stm32 9.0.0/armtools/bin/../lib/gcc/arm-atollic-eabi/6.3.1/../../../../arm-atollic-eabi/lib/armv7-m\libc_nano.a(lib_a-mbtowc_r.o)
                0x0801bc50                __ascii_mbtowc
 .text.memcpy   0x0801bc74       0x16 c:/program files (x86)/atollic/truestudio for stm32 9.0.0/armtools/bin/../lib/gcc/arm-atollic-eabi/6.3.1/../../../../arm-atollic-eabi/lib/armv7-m\libc_nano.a(lib_a-memcpy-stub.o)
                0x0801bc74                memcpy
 .text.memset   0x0801bc8a       0x10 c:/program files (x86)/atollic/truestudio for stm32 9.0.0/armtools/bin/../lib/gcc/arm-atollic-eabi/6.3.1/../../../../arm-atollic-eabi/lib/armv7-m\libc_nano.a(lib_a-memset.o)
                0x0801bc8a                memset
 *fill*         0x0801bc9a        0x2 
 .text._free_r  0x0801bc9c       0x98 c:/program files (x86)/atollic/truestudio for stm32 9.0.0/armtools/bin/../lib/gcc/arm-atollic-eabi/6.3.1/../../../../arm-atollic-eabi/lib/armv7-m\libc_nano.a(lib_a-nano-freer.o)
                0x0801bc9c                _free_r
 .text._malloc_r
                0x0801bd34       0xbc c:/program files (x86)/atollic/truestudio for stm32 9.0.0/armtools/bin/../lib/gcc/arm-atollic-eabi/6.3.1/../../../../arm-atollic-eabi/lib/armv7-m\libc_nano.a(lib_a-nano-mallocr.o)
                0x0801bd34                _malloc_r
 .text._sbrk_r  0x0801bdf0       0x20 c:/program files (x86)/atollic/truestudio for stm32 9.0.0/armtools/bin/../lib/gcc/arm-atollic-eabi/6.3.1/../../../../arm-atollic-eabi/lib/armv7-m\libc_nano.a(lib_a-sbrkr.o)
                0x0801bdf0                _sbrk_r
 .text.sprintf  0x0801be10       0x48 c:/program files (x86)/atollic/truestudio for stm32 9.0.0/armtools/bin/../lib/gcc/arm-atollic-eabi/6.3.1/../../../../arm-atollic-eabi/lib/armv7-m\libc_nano.a(lib_a-sprintf.o)
                0x0801be10                siprintf
                0x0801be10                sprintf
 .text.strcpy   0x0801be58       0x10 c:/program files (x86)/atollic/truestudio for stm32 9.0.0/armtools/bin/../lib/gcc/arm-atollic-eabi/6.3.1/../../../../arm-atollic-eabi/lib/armv7-m\libc_nano.a(lib_a-strcpy.o)
                0x0801be58                strcpy
 .text.unlikely.sulp
                0x0801be68       0x42 c:/program files (x86)/atollic/truestudio for stm32 9.0.0/armtools/bin/../lib/gcc/arm-atollic-eabi/6.3.1/../../../../arm-atollic-eabi/lib/armv7-m\libc_nano.a(lib_a-strtod.o)
 *fill*         0x0801beaa        0x6 
 .text._strtod_l
                0x0801beb0      0xbf0 c:/program files (x86)/atollic/truestudio for stm32 9.0.0/armtools/bin/../lib/gcc/arm-atollic-eabi/6.3.1/../../../../arm-atollic-eabi/lib/armv7-m\libc_nano.a(lib_a-strtod.o)
                0x0801beb0                _strtod_l
 .text.strtod   0x0801caa0       0x24 c:/program files (x86)/atollic/truestudio for stm32 9.0.0/armtools/bin/../lib/gcc/arm-atollic-eabi/6.3.1/../../../../arm-atollic-eabi/lib/armv7-m\libc_nano.a(lib_a-strtod.o)
                0x0801caa0                strtod
 .text._strtol_l.isra.0
                0x0801cac4      0x100 c:/program files (x86)/atollic/truestudio for stm32 9.0.0/armtools/bin/../lib/gcc/arm-atollic-eabi/6.3.1/../../../../arm-atollic-eabi/lib/armv7-m\libc_nano.a(lib_a-strtol.o)
 .text.strtol   0x0801cbc4       0x2c c:/program files (x86)/atollic/truestudio for stm32 9.0.0/armtools/bin/../lib/gcc/arm-atollic-eabi/6.3.1/../../../../arm-atollic-eabi/lib/armv7-m\libc_nano.a(lib_a-strtol.o)
                0x0801cbc4                strtol
 .text.__ascii_wctomb
                0x0801cbf0       0x1a c:/program files (x86)/atollic/truestudio for stm32 9.0.0/armtools/bin/../lib/gcc/arm-atollic-eabi/6.3.1/../../../../arm-atollic-eabi/lib/armv7-m\libc_nano.a(lib_a-wctomb_r.o)
                0x0801cbf0                __ascii_wctomb
 .text.rshift   0x0801cc0a       0x6a c:/program files (x86)/atollic/truestudio for stm32 9.0.0/armtools/bin/../lib/gcc/arm-atollic-eabi/6.3.1/../../../../arm-atollic-eabi/lib/armv7-m\libc_nano.a(lib_a-gdtoa-gethex.o)
 .text.__hexdig_fun
                0x0801cc74       0x2a c:/program files (x86)/atollic/truestudio for stm32 9.0.0/armtools/bin/../lib/gcc/arm-atollic-eabi/6.3.1/../../../../arm-atollic-eabi/lib/armv7-m\libc_nano.a(lib_a-gdtoa-gethex.o)
                0x0801cc74                __hexdig_fun
 .text.__gethex
                0x0801cc9e      0x43e c:/program files (x86)/atollic/truestudio for stm32 9.0.0/armtools/bin/../lib/gcc/arm-atollic-eabi/6.3.1/../../../../arm-atollic-eabi/lib/armv7-m\libc_nano.a(lib_a-gdtoa-gethex.o)
                0x0801cc9e                __gethex
 .text.L_shift  0x0801d0dc       0x24 c:/program files (x86)/atollic/truestudio for stm32 9.0.0/armtools/bin/../lib/gcc/arm-atollic-eabi/6.3.1/../../../../arm-atollic-eabi/lib/armv7-m\libc_nano.a(lib_a-gdtoa-hexnan.o)
 .text.__match  0x0801d100       0x26 c:/program files (x86)/atollic/truestudio for stm32 9.0.0/armtools/bin/../lib/gcc/arm-atollic-eabi/6.3.1/../../../../arm-atollic-eabi/lib/armv7-m\libc_nano.a(lib_a-gdtoa-hexnan.o)
                0x0801d100                __match
 .text.__hexnan
                0x0801d126      0x120 c:/program files (x86)/atollic/truestudio for stm32 9.0.0/armtools/bin/../lib/gcc/arm-atollic-eabi/6.3.1/../../../../arm-atollic-eabi/lib/armv7-m\libc_nano.a(lib_a-gdtoa-hexnan.o)
                0x0801d126                __hexnan
 .text.__localeconv_l
                0x0801d246        0x4 c:/program files (x86)/atollic/truestudio for stm32 9.0.0/armtools/bin/../lib/gcc/arm-atollic-eabi/6.3.1/../../../../arm-atollic-eabi/lib/armv7-m\libc_nano.a(lib_a-localeconv.o)
                0x0801d246                __localeconv_l
 .text.__malloc_lock
                0x0801d24a        0x2 c:/program files (x86)/atollic/truestudio for stm32 9.0.0/armtools/bin/../lib/gcc/arm-atollic-eabi/6.3.1/../../../../arm-atollic-eabi/lib/armv7-m\libc_nano.a(lib_a-mlock.o)
                0x0801d24a                __malloc_lock
 .text.__malloc_unlock
                0x0801d24c        0x2 c:/program files (x86)/atollic/truestudio for stm32 9.0.0/armtools/bin/../lib/gcc/arm-atollic-eabi/6.3.1/../../../../arm-atollic-eabi/lib/armv7-m\libc_nano.a(lib_a-mlock.o)
                0x0801d24c                __malloc_unlock
 .text._Balloc  0x0801d24e       0x68 c:/program files (x86)/atollic/truestudio for stm32 9.0.0/armtools/bin/../lib/gcc/arm-atollic-eabi/6.3.1/../../../../arm-atollic-eabi/lib/armv7-m\libc_nano.a(lib_a-mprec.o)
                0x0801d24e                _Balloc
 .text._Bfree   0x0801d2b6       0x2e c:/program files (x86)/atollic/truestudio for stm32 9.0.0/armtools/bin/../lib/gcc/arm-atollic-eabi/6.3.1/../../../../arm-atollic-eabi/lib/armv7-m\libc_nano.a(lib_a-mprec.o)
                0x0801d2b6                _Bfree
 .text.__multadd
                0x0801d2e4       0x76 c:/program files (x86)/atollic/truestudio for stm32 9.0.0/armtools/bin/../lib/gcc/arm-atollic-eabi/6.3.1/../../../../arm-atollic-eabi/lib/armv7-m\libc_nano.a(lib_a-mprec.o)
                0x0801d2e4                __multadd
 .text.__s2b    0x0801d35a       0x7c c:/program files (x86)/atollic/truestudio for stm32 9.0.0/armtools/bin/../lib/gcc/arm-atollic-eabi/6.3.1/../../../../arm-atollic-eabi/lib/armv7-m\libc_nano.a(lib_a-mprec.o)
                0x0801d35a                __s2b
 .text.__hi0bits
                0x0801d3d6       0x3e c:/program files (x86)/atollic/truestudio for stm32 9.0.0/armtools/bin/../lib/gcc/arm-atollic-eabi/6.3.1/../../../../arm-atollic-eabi/lib/armv7-m\libc_nano.a(lib_a-mprec.o)
                0x0801d3d6                __hi0bits
 .text.__lo0bits
                0x0801d414       0x5e c:/program files (x86)/atollic/truestudio for stm32 9.0.0/armtools/bin/../lib/gcc/arm-atollic-eabi/6.3.1/../../../../arm-atollic-eabi/lib/armv7-m\libc_nano.a(lib_a-mprec.o)
                0x0801d414                __lo0bits
 .text.__i2b    0x0801d472       0x12 c:/program files (x86)/atollic/truestudio for stm32 9.0.0/armtools/bin/../lib/gcc/arm-atollic-eabi/6.3.1/../../../../arm-atollic-eabi/lib/armv7-m\libc_nano.a(lib_a-mprec.o)
                0x0801d472                __i2b
 .text.__multiply
                0x0801d484      0x118 c:/program files (x86)/atollic/truestudio for stm32 9.0.0/armtools/bin/../lib/gcc/arm-atollic-eabi/6.3.1/../../../../arm-atollic-eabi/lib/armv7-m\libc_nano.a(lib_a-mprec.o)
                0x0801d484                __multiply
 .text.__pow5mult
                0x0801d59c       0x9c c:/program files (x86)/atollic/truestudio for stm32 9.0.0/armtools/bin/../lib/gcc/arm-atollic-eabi/6.3.1/../../../../arm-atollic-eabi/lib/armv7-m\libc_nano.a(lib_a-mprec.o)
                0x0801d59c                __pow5mult
 .text.__lshift
                0x0801d638       0xa2 c:/program files (x86)/atollic/truestudio for stm32 9.0.0/armtools/bin/../lib/gcc/arm-atollic-eabi/6.3.1/../../../../arm-atollic-eabi/lib/armv7-m\libc_nano.a(lib_a-mprec.o)
                0x0801d638                __lshift
 .text.__mcmp   0x0801d6da       0x34 c:/program files (x86)/atollic/truestudio for stm32 9.0.0/armtools/bin/../lib/gcc/arm-atollic-eabi/6.3.1/../../../../arm-atollic-eabi/lib/armv7-m\libc_nano.a(lib_a-mprec.o)
                0x0801d6da                __mcmp
 .text.__mdiff  0x0801d70e       0xbe c:/program files (x86)/atollic/truestudio for stm32 9.0.0/armtools/bin/../lib/gcc/arm-atollic-eabi/6.3.1/../../../../arm-atollic-eabi/lib/armv7-m\libc_nano.a(lib_a-mprec.o)
                0x0801d70e                __mdiff
 .text.__ulp    0x0801d7cc       0x48 c:/program files (x86)/atollic/truestudio for stm32 9.0.0/armtools/bin/../lib/gcc/arm-atollic-eabi/6.3.1/../../../../arm-atollic-eabi/lib/armv7-m\libc_nano.a(lib_a-mprec.o)
                0x0801d7cc                __ulp
 .text.__b2d    0x0801d814       0xa4 c:/program files (x86)/atollic/truestudio for stm32 9.0.0/armtools/bin/../lib/gcc/arm-atollic-eabi/6.3.1/../../../../arm-atollic-eabi/lib/armv7-m\libc_nano.a(lib_a-mprec.o)
                0x0801d814                __b2d
 .text.__d2b    0x0801d8b8       0x9e c:/program files (x86)/atollic/truestudio for stm32 9.0.0/armtools/bin/../lib/gcc/arm-atollic-eabi/6.3.1/../../../../arm-atollic-eabi/lib/armv7-m\libc_nano.a(lib_a-mprec.o)
                0x0801d8b8                __d2b
 .text.__ratio  0x0801d956       0x50 c:/program files (x86)/atollic/truestudio for stm32 9.0.0/armtools/bin/../lib/gcc/arm-atollic-eabi/6.3.1/../../../../arm-atollic-eabi/lib/armv7-m\libc_nano.a(lib_a-mprec.o)
                0x0801d956                __ratio
 .text.__copybits
                0x0801d9a6       0x34 c:/program files (x86)/atollic/truestudio for stm32 9.0.0/armtools/bin/../lib/gcc/arm-atollic-eabi/6.3.1/../../../../arm-atollic-eabi/lib/armv7-m\libc_nano.a(lib_a-mprec.o)
                0x0801d9a6                __copybits
 .text.__any_on
                0x0801d9da       0x42 c:/program files (x86)/atollic/truestudio for stm32 9.0.0/armtools/bin/../lib/gcc/arm-atollic-eabi/6.3.1/../../../../arm-atollic-eabi/lib/armv7-m\libc_nano.a(lib_a-mprec.o)
                0x0801d9da                __any_on
 .text._calloc_r
                0x0801da1c       0x1c c:/program files (x86)/atollic/truestudio for stm32 9.0.0/armtools/bin/../lib/gcc/arm-atollic-eabi/6.3.1/../../../../arm-atollic-eabi/lib/armv7-m\libc_nano.a(lib_a-nano-callocr.o)
                0x0801da1c                _calloc_r
 .text.__ssputs_r
                0x0801da38       0xb6 c:/program files (x86)/atollic/truestudio for stm32 9.0.0/armtools/bin/../lib/gcc/arm-atollic-eabi/6.3.1/../../../../arm-atollic-eabi/lib/armv7-m\libc_nano.a(lib_a-nano-svfprintf.o)
                0x0801da38                __ssputs_r
 *fill*         0x0801daee        0x2 
 .text._svfprintf_r
                0x0801daf0      0x1e8 c:/program files (x86)/atollic/truestudio for stm32 9.0.0/armtools/bin/../lib/gcc/arm-atollic-eabi/6.3.1/../../../../arm-atollic-eabi/lib/armv7-m\libc_nano.a(lib_a-nano-svfprintf.o)
                0x0801daf0                _svfiprintf_r
                0x0801daf0                _svfprintf_r
 .text._printf_common
                0x0801dcd8       0xee c:/program files (x86)/atollic/truestudio for stm32 9.0.0/armtools/bin/../lib/gcc/arm-atollic-eabi/6.3.1/../../../../arm-atollic-eabi/lib/armv7-m\libc_nano.a(lib_a-nano-vfprintf_i.o)
                0x0801dcd8                _printf_common
 *fill*         0x0801ddc6        0x2 
 .text._printf_i
                0x0801ddc8      0x240 c:/program files (x86)/atollic/truestudio for stm32 9.0.0/armtools/bin/../lib/gcc/arm-atollic-eabi/6.3.1/../../../../arm-atollic-eabi/lib/armv7-m\libc_nano.a(lib_a-nano-vfprintf_i.o)
                0x0801ddc8                _printf_i
 .text.strncmp  0x0801e008       0x24 c:/program files (x86)/atollic/truestudio for stm32 9.0.0/armtools/bin/../lib/gcc/arm-atollic-eabi/6.3.1/../../../../arm-atollic-eabi/lib/armv7-m\libc_nano.a(lib_a-strncmp.o)
                0x0801e008                strncmp
 .text.memchr   0x0801e02c       0x1c c:/program files (x86)/atollic/truestudio for stm32 9.0.0/armtools/bin/../lib/gcc/arm-atollic-eabi/6.3.1/../../../../arm-atollic-eabi/lib/armv7-m\libc_nano.a(lib_a-memchr-stub.o)
                0x0801e02c                memchr
 .text.memmove  0x0801e048       0x34 c:/program files (x86)/atollic/truestudio for stm32 9.0.0/armtools/bin/../lib/gcc/arm-atollic-eabi/6.3.1/../../../../arm-atollic-eabi/lib/armv7-m\libc_nano.a(lib_a-memmove.o)
                0x0801e048                memmove
 .text._realloc_r
                0x0801e07c       0x4c c:/program files (x86)/atollic/truestudio for stm32 9.0.0/armtools/bin/../lib/gcc/arm-atollic-eabi/6.3.1/../../../../arm-atollic-eabi/lib/armv7-m\libc_nano.a(lib_a-nano-reallocr.o)
                0x0801e07c                _realloc_r
 .text._malloc_usable_size_r
                0x0801e0c8       0x12 c:/program files (x86)/atollic/truestudio for stm32 9.0.0/armtools/bin/../lib/gcc/arm-atollic-eabi/6.3.1/../../../../arm-atollic-eabi/lib/armv7-m\libc_nano.a(lib_a-nano-msizer.o)
                0x0801e0c8                _malloc_usable_size_r
 *(.glue_7)
 .glue_7        0x0801e0da        0x0 linker stubs
 *(.glue_7t)
 .glue_7t       0x0801e0da        0x0 linker stubs
 *(.eh_frame)
 *fill*         0x0801e0da        0x2 
 .eh_frame      0x0801e0dc        0x0 c:/program files (x86)/atollic/truestudio for stm32 9.0.0/armtools/bin/../lib/gcc/arm-atollic-eabi/6.3.1/armv7-m/crtbegin.o
 *(.init)
 .init          0x0801e0dc        0x4 c:/program files (x86)/atollic/truestudio for stm32 9.0.0/armtools/bin/../lib/gcc/arm-atollic-eabi/6.3.1/armv7-m/crti.o
                0x0801e0dc                _init
 .init          0x0801e0e0        0x8 c:/program files (x86)/atollic/truestudio for stm32 9.0.0/armtools/bin/../lib/gcc/arm-atollic-eabi/6.3.1/armv7-m/crtn.o
 *(.fini)
 .fini          0x0801e0e8        0x4 c:/program files (x86)/atollic/truestudio for stm32 9.0.0/armtools/bin/../lib/gcc/arm-atollic-eabi/6.3.1/armv7-m/crti.o
                0x0801e0e8                _fini
 .fini          0x0801e0ec        0x8 c:/program files (x86)/atollic/truestudio for stm32 9.0.0/armtools/bin/../lib/gcc/arm-atollic-eabi/6.3.1/armv7-m/crtn.o
                0x0801e0f4                . = ALIGN (0x4)
                0x0801e0f4                _etext = .

.vfp11_veneer   0x0801e0f4        0x0
 .vfp11_veneer  0x0801e0f4        0x0 linker stubs

.v4_bx          0x0801e0f4        0x0
 .v4_bx         0x0801e0f4        0x0 linker stubs

.iplt           0x0801e0f4        0x0
 .iplt          0x0801e0f4        0x0 c:/program files (x86)/atollic/truestudio for stm32 9.0.0/armtools/bin/../lib/gcc/arm-atollic-eabi/6.3.1/armv7-m/crtbegin.o

.rodata         0x0801e0f8     0x3440
                0x0801e0f8                . = ALIGN (0x4)
 *(.rodata)
 *(.rodata*)
 .rodata.RTC_GetDayName.str1.4
                0x0801e0f8        0x0 Application\User\rtc.o
                                  0x1 (size before relaxing)
 .rodata.USBD_FS_ConfigStrDescriptor.str1.4
                0x0801e0f8        0xb Application\User\usbd_desc.o
 *fill*         0x0801e103        0x1 
 .rodata.USBD_FS_InterfaceStrDescriptor.str1.4
                0x0801e104        0xe Application\User\usbd_desc.o
 *fill*         0x0801e112        0x2 
 .rodata.USBD_FS_ManufacturerStrDescriptor.str1.4
                0x0801e114       0x13 Application\User\usbd_desc.o
 *fill*         0x0801e127        0x1 
 .rodata.USBD_FS_ProductStrDescriptor.str1.4
                0x0801e128       0x16 Application\User\usbd_desc.o
 *fill*         0x0801e13e        0x2 
 .rodata.AHBPrescTable
                0x0801e140       0x10 Drivers\CMSIS\system_stm32f2xx.o
                0x0801e140                AHBPrescTable
 .rodata.APBPrescTable
                0x0801e150        0x8 Drivers\CMSIS\system_stm32f2xx.o
                0x0801e150                APBPrescTable
 .rodata.ariel9